{"id": "IMP-1901-09-03-a", "cdt": "2019-01-17 06:54:01", "i": [{"l": {"id": "Ar00100", "source": "113-IMP-1901-09-03-0001.pdf"}, "m": {"id": "IMP-1901-09-03-a-i0001", "l": "fr", "pp": [1], "t": "La Chaux-de-Fonds", "tp": "article"}}, {"l": {"id": "Ar00200", "source": "113-IMP-1901-09-03-0001.pdf"}, "m": {"id": "IMP-1901-09-03-a-i0012", "l": "fr", "pp": [2], "t": "BANQUE FEDERALE (Soci\u00e9t\u00e9 anonyme) LA CHA...", "tp": "article"}}, {"l": {"id": "Ar00300", "source": "113-IMP-1901-09-03-0001.pdf"}, "m": {"id": "IMP-1901-09-03-a-i0025", "l": "fr", "pp": [3], "t": "Correspondance Parisienne", "tp": "article"}}, {"l": {"id": "Ar00500", "source": "113-IMP-1901-09-03-0001.pdf"}, "m": {"id": "IMP-1901-09-03-a-i0050", "l": "fr", "pp": [5], "t": "Ttamnicalla parlant Fran\u00e7ais, Allemand U...", "tp": "article"}}, {"l": {"id": "Ar00600", "source": "113-IMP-1901-09-03-0001.pdf"}, "m": {"id": "IMP-1901-09-03-a-i0060", "l": "fr", "pp": [6], "t": "K nnpnnf\u00ef On d\u00e9sire placer un jeune n.[/...", "tp": "article"}}, {"l": {"id": ["Ar00800", "Ar00801", "Ar00900", "Ar00901", "Ar01001"], "source": ["113-IMP-1901-09-03-0001.pdf", "113-IMP-1901-09-03-0001.pdf", "113-IMP-1901-09-03-0001.pdf", "113-IMP-1901-09-03-0001.pdf", "113-IMP-1901-09-03-0001.pdf"]}, "m": {"id": "IMP-1901-09-03-a-i0071", "l": "fr", "pp": [8, 8, 9, 9, 10], "t": "XjxJBa. FILLE DU REBOUTEUX", "tp": "article"}}, {"l": {"id": ["Ar01000", "Ar00700", "Ar00701"], "source": ["113-IMP-1901-09-03-0001.pdf", "113-IMP-1901-09-03-0001.pdf", "113-IMP-1901-09-03-0001.pdf"]}, "m": {"id": "IMP-1901-09-03-a-i0075", "l": "fr", "pp": [10, 7, 7], "t": "DEUXI\u00c8ME PARTIE LES DEUX FANTOMES", "tp": "article"}}, {"l": {"id": ["Ar00101", "Ar00102", "Ar00103"], "source": ["113-IMP-1901-09-03-0001.pdf", "113-IMP-1901-09-03-0001.pdf", "113-IMP-1901-09-03-0001.pdf"]}, "m": {"id": "IMP-1901-09-03-a-i0002", "l": "fr", "pp": [1, 1, 1], "t": "Une histoire romanesque", "tp": "article"}}, {"l": {"id": "Ar00201", "source": "113-IMP-1901-09-03-0001.pdf"}, "m": {"id": "IMP-1901-09-03-a-i0013", "l": "fr", "pp": [2], "t": "BATAILLON de Sapeurs ^ Pompiers Du 2 au ...", "tp": "article"}}, {"l": {"id": "Ar00301", "source": "113-IMP-1901-09-03-0001.pdf"}, "m": {"id": "IMP-1901-09-03-a-i0026", "l": "fr", "pp": [3], "t": "Nouvelles \u00e9trang\u00e8res", "tp": "article"}}, {"l": {"id": ["Ar00401", "Ar00402"], "source": ["113-IMP-1901-09-03-0001.pdf", "113-IMP-1901-09-03-0001.pdf"]}, "m": {"id": "IMP-1901-09-03-a-i0034", "l": "fr", "pp": [4, 4], "t": "Chronique du \u00abJura bernois", "tp": "article"}}, {"l": {"id": "Ar00501", "source": "113-IMP-1901-09-03-0001.pdf"}, "m": {"id": "IMP-1901-09-03-a-i0051", "l": "fr", "pp": [5], "t": "r-irlnano Une ba\u00bbne palllonneuse ea taUf...", "tp": "article"}}, {"l": {"id": "Ar00601", "source": "113-IMP-1901-09-03-0001.pdf"}, "m": {"id": "IMP-1901-09-03-a-i0061", "l": "fr", "pp": [6], "t": "Pa\u00een\u00cePP ^ n demande suite un ou-UtUUlCl....", "tp": "article"}}, {"l": {"id": "Ar00202", "source": "113-IMP-1901-09-03-0001.pdf"}, "m": {"id": "IMP-1901-09-03-a-i0014", "l": "fr", "pp": [2], "t": "Grande Brasserie GLOBE 45, rue de la Ser...", "tp": "article"}}, {"l": {"id": ["Ar00302", "Ar00303"], "source": ["113-IMP-1901-09-03-0001.pdf", "113-IMP-1901-09-03-0001.pdf"]}, "m": {"id": "IMP-1901-09-03-a-i0027", "l": "fr", "pp": [3, 3], "t": "La guerre au Transvaal", "tp": "article"}}, {"l": {"id": "Ar00502", "source": "113-IMP-1901-09-03-0001.pdf"}, "m": {"id": "IMP-1901-09-03-a-i0052", "l": "fr", "pp": [5], "t": "BRASER\u0152 DD SQUARE ce toir Lundi dis 8 he...", "tp": "article"}}, {"l": {"id": "Ar00602", "source": "113-IMP-1901-09-03-0001.pdf"}, "m": {"id": "IMP-1901-09-03-a-i0062", "l": "fr", "pp": [6], "t": "fVi-imhPP ** louer de suite une cham-UUa...", "tp": "article"}}, {"l": {"id": "Ad00203", "source": "113-IMP-1901-09-03-0001.pdf"}, "m": {"id": "IMP-1901-09-03-a-i0015", "l": "fr", "pp": [2], "t": "", "tp": "ad"}}, {"l": {"id": "Ar00403", "source": "113-IMP-1901-09-03-0001.pdf"}, "m": {"id": "IMP-1901-09-03-a-i0036", "l": "fr", "pp": [4], "t": "Chronique locale", "tp": "article"}}, {"l": {"id": "Ar00503", "source": "113-IMP-1901-09-03-0001.pdf"}, "m": {"id": "IMP-1901-09-03-a-i0053", "l": "fr", "pp": [5], "t": "BRASSBRIB METROPOLE CE SOIR et jours sui...", "tp": "article"}}, {"l": {"id": "Ar00603", "source": "113-IMP-1901-09-03-0001.pdf"}, "m": {"id": "IMP-1901-09-03-a-i0063", "l": "fr", "pp": [6], "t": "\u00c2 Vpnrlrp nne bonne pouliche de 11 \u2022cuui...", "tp": "article"}}, {"l": {"id": ["Ar00104", "Ar00105"], "source": ["113-IMP-1901-09-03-0001.pdf", "113-IMP-1901-09-03-0001.pdf"]}, "m": {"id": "IMP-1901-09-03-a-i0005", "l": "fr", "pp": [1, 1], "t": "La journ\u00e9e du mandarin &", "tp": "article"}}, {"l": {"id": "Ar00204", "source": "113-IMP-1901-09-03-0001.pdf"}, "m": {"id": "IMP-1901-09-03-a-i0016", "l": "fr", "pp": [2], "t": "Maison \u00e0 vendre A vendre nne belle maiso...", "tp": "article"}}, {"l": {"id": "Ar00304", "source": "113-IMP-1901-09-03-0001.pdf"}, "m": {"id": "IMP-1901-09-03-a-i0029", "l": "fr", "pp": [3], "t": "L&lt;e conflit franco-turc", "tp": "article"}}, {"l": {"id": "Ar00404", "source": "113-IMP-1901-09-03-0001.pdf"}, "m": {"id": "IMP-1901-09-03-a-i0037", "l": "fr", "pp": [4], "t": "Dernier Courrier et D\u00e9p\u00eaches", "tp": "article"}}, {"l": {"id": "Ad00504", "source": "113-IMP-1901-09-03-0001.pdf"}, "m": {"id": "IMP-1901-09-03-a-i0054", "l": "fr", "pp": [5], "t": "", "tp": "ad"}}, {"l": {"id": "Ad00604", "source": "113-IMP-1901-09-03-0001.pdf"}, "m": {"id": "IMP-1901-09-03-a-i0064", "l": "fr", "pp": [6], "t": "", "tp": "ad"}}, {"l": {"id": "Ar00205", "source": "113-IMP-1901-09-03-0001.pdf"}, "m": {"id": "IMP-1901-09-03-a-i0017", "l": "fr", "pp": [2], "t": "Avis Important Un monsieur sur place d\u00e9s...", "tp": "article"}}, {"l": {"id": ["Ar00305", "Ar00306"], "source": ["113-IMP-1901-09-03-0001.pdf", "113-IMP-1901-09-03-0001.pdf"]}, "m": {"id": "IMP-1901-09-03-a-i0030", "l": "fr", "pp": [3, 3], "t": "Chroma ue suisse", "tp": "article"}}, {"l": {"id": "Ar00405", "source": "113-IMP-1901-09-03-0001.pdf"}, "m": {"id": "IMP-1901-09-03-a-i0038", "l": "fr", "pp": [4], "t": "WWfkW Les Annonces sont ins\u00e9r\u00e9es avec le...", "tp": "article"}}, {"l": {"id": "Ad00505", "source": "113-IMP-1901-09-03-0001.pdf"}, "m": {"id": "IMP-1901-09-03-a-i0055", "l": "fr", "pp": [5], "t": "", "tp": "ad"}}, {"l": {"id": "Ar00605", "source": "113-IMP-1901-09-03-0001.pdf"}, "m": {"id": "IMP-1901-09-03-a-i0065", "l": "fr", "pp": [6], "t": "M. le W PERROCHET -A-\"k>se:n.-t H832-3 p...", "tp": "article"}}, {"l": {"id": "Ar00106", "source": "113-IMP-1901-09-03-0001.pdf"}, "m": {"id": "IMP-1901-09-03-a-i0007", "l": "fr", "pp": [1], "t": "Nouvelles \u00e9trang\u00e8res", "tp": "article"}}, {"l": {"id": "Ad00206", "source": "113-IMP-1901-09-03-0001.pdf"}, "m": {"id": "IMP-1901-09-03-a-i0018", "l": "fr", "pp": [2], "t": "", "tp": "ad"}}, {"l": {"id": "Ar00406", "source": "113-IMP-1901-09-03-0001.pdf"}, "m": {"id": "IMP-1901-09-03-a-i0039", "l": "fr", "pp": [4], "t": "Agence t\u00e9l\u00e9graphlqoe \u00abnlsse", "tp": "article"}}, {"l": {"id": "Ad00506", "source": "113-IMP-1901-09-03-0001.pdf"}, "m": {"id": "IMP-1901-09-03-a-i0056", "l": "fr", "pp": [5], "t": "", "tp": "ad"}}, {"l": {"id": "Ad00606", "source": "113-IMP-1901-09-03-0001.pdf"}, "m": {"id": "IMP-1901-09-03-a-i0066", "l": "fr", "pp": [6], "t": "", "tp": "ad"}}, {"l": {"id": "Ar00107", "source": "113-IMP-1901-09-03-0001.pdf"}, "m": {"id": "IMP-1901-09-03-a-i0008", "l": "fr", "pp": [1], "t": "n\u00bb m kvmm 10 tint, ti l,$n\u00bb Pour les ann...", "tp": "article"}}, {"l": {"id": "Ad00207", "source": "113-IMP-1901-09-03-0001.pdf"}, "m": {"id": "IMP-1901-09-03-a-i0019", "l": "fr", "pp": [2], "t": "", "tp": "ad"}}, {"l": {"id": ["Ar00307", "Ar00400"], "source": ["113-IMP-1901-09-03-0001.pdf", "113-IMP-1901-09-03-0001.pdf"]}, "m": {"id": "IMP-1901-09-03-a-i0032", "l": "fr", "pp": [3, 4], "t": "Nouvelles des Cantons", "tp": "article"}}, {"l": {"id": "Ad00407", "source": "113-IMP-1901-09-03-0001.pdf"}, "m": {"id": "IMP-1901-09-03-a-i0040", "l": "fr", "pp": [4], "t": "", "tp": "ad"}}, {"l": {"id": "Ar00507", "source": "113-IMP-1901-09-03-0001.pdf"}, "m": {"id": "IMP-1901-09-03-a-i0057", "l": "fr", "pp": [5], "t": "On demande \u00e0 loaer \u00e0 La Chaux-de-Fonds D...", "tp": "article"}}, {"l": {"id": "Ad00607", "source": "113-IMP-1901-09-03-0001.pdf"}, "m": {"id": "IMP-1901-09-03-a-i0067", "l": "fr", "pp": [6], "t": "", "tp": "ad"}}, {"l": {"id": "Ar00108", "source": "113-IMP-1901-09-03-0001.pdf"}, "m": {"id": "IMP-1901-09-03-a-i0009", "l": "fr", "pp": [1], "t": "PRIX D'ABONNEMENT Franco pou; la Suisse ...", "tp": "article"}}, {"l": {"id": "Ad00208", "source": "113-IMP-1901-09-03-0001.pdf"}, "m": {"id": "IMP-1901-09-03-a-i0020", "l": "fr", "pp": [2], "t": "", "tp": "ad"}}, {"l": {"id": "Ar00408", "source": "113-IMP-1901-09-03-0001.pdf"}, "m": {"id": "IMP-1901-09-03-a-i0041", "l": "fr", "pp": [4], "t": "Prime de I'IMPARTIAL", "tp": "article"}}, {"l": {"id": "Ad00508", "source": "113-IMP-1901-09-03-0001.pdf"}, "m": {"id": "IMP-1901-09-03-a-i0058", "l": "fr", "pp": [5], "t": "", "tp": "ad"}}, {"l": {"id": "Ad00608", "source": "113-IMP-1901-09-03-0001.pdf"}, "m": {"id": "IMP-1901-09-03-a-i0068", "l": "fr", "pp": [6], "t": "", "tp": "ad"}}, {"l": {"id": "Ar00109", "source": "113-IMP-1901-09-03-0001.pdf"}, "m": {"id": "IMP-1901-09-03-a-i0010", "l": "fr", "pp": [1], "t": "ABONNEMENTS ET ANNONCES sont re\u00e7us \u00e0 L'I...", "tp": "article"}}, {"l": {"id": "Ad00209", "source": "113-IMP-1901-09-03-0001.pdf"}, "m": {"id": "IMP-1901-09-03-a-i0021", "l": "fr", "pp": [2], "t": "", "tp": "ad"}}, {"l": {"id": "Ar00409", "source": "113-IMP-1901-09-03-0001.pdf"}, "m": {"id": "IMP-1901-09-03-a-i0042", "l": "fr", "pp": [4], "t": "LA HERNIE", "tp": "article"}}, {"l": {"id": "Ar00509", "source": "113-IMP-1901-09-03-0001.pdf"}, "m": {"id": "IMP-1901-09-03-a-i0059", "l": "fr", "pp": [5], "t": "ML \u00efomflL^IV\u00bb pour \u00e9poque \u00e0 convenir un ...", "tp": "article"}}, {"l": {"id": "Ad00110", "source": "113-IMP-1901-09-03-0001.pdf"}, "m": {"id": "IMP-1901-09-03-a-i0011", "l": "fr", "pp": [1], "t": "", "tp": "ad"}}, {"l": {"id": "Ad00210", "source": "113-IMP-1901-09-03-0001.pdf"}, "m": {"id": "IMP-1901-09-03-a-i0022", "l": "fr", "pp": [2], "t": "", "tp": "ad"}}, {"l": {"id": "Ad00410", "source": "113-IMP-1901-09-03-0001.pdf"}, "m": {"id": "IMP-1901-09-03-a-i0043", "l": "fr", "pp": [4], "t": "", "tp": "ad"}}, {"l": {"id": "Ad00211", "source": "113-IMP-1901-09-03-0001.pdf"}, "m": {"id": "IMP-1901-09-03-a-i0023", "l": "fr", "pp": [2], "t": "", "tp": "ad"}}, {"l": {"id": "Ar00411", "source": "113-IMP-1901-09-03-0001.pdf"}, "m": {"id": "IMP-1901-09-03-a-i0044", "l": "fr", "pp": [4], "t": "Imprimerie A. CQyBVOiSIKK, Chaux-de-Fond...", "tp": "article"}}, {"l": {"id": "Ar00212", "source": "113-IMP-1901-09-03-0001.pdf"}, "m": {"id": "IMP-1901-09-03-a-i0024", "l": "fr", "pp": [2], "t": "PAUVRE JOB", "tp": "article"}}, {"l": {"id": "Ar00412", "source": "113-IMP-1901-09-03-0001.pdf"}, "m": {"id": "IMP-1901-09-03-a-i0045", "l": "fr", "pp": [4], "t": "Cartes postales avec photographie", "tp": "article"}}, {"l": {"id": "Ar00413", "source": "113-IMP-1901-09-03-0001.pdf"}, "m": {"id": "IMP-1901-09-03-a-i0046", "l": "fr", "pp": [4], "t": "Etat civil de La Chau*-de-Fonds Du 30 ao\u00fbt 1901\"", "tp": "article"}}, {"l": {"id": "Ar00414", "source": "113-IMP-1901-09-03-0001.pdf"}, "m": {"id": "IMP-1901-09-03-a-i0047", "l": "fr", "pp": [4], "t": "MIEL an fenouil marque \u00ab Ancre \u00bb pp\"r^!*...", "tp": "article"}}, {"l": {"id": "Ar00415", "source": "113-IMP-1901-09-03-0001.pdf"}, "m": {"id": "IMP-1901-09-03-a-i0048", "l": "fr", "pp": [4], "t": "Eviter les contrefa\u00e7ons I L'H\u00e9nialosr\u00e8ne...", "tp": "article"}}, {"l": {"id": "Ad00416", "source": "113-IMP-1901-09-03-0001.pdf"}, "m": {"id": "IMP-1901-09-03-a-i0049", "l": "fr", "pp": [4], "t": "", "tp": "ad"}}], "s": [{"rgb": [0, 0, 0], "f": "Arial-Normal-1252", "fs": 5.0, "id": 1}, {"rgb": [0, 0, 0], "f": "Times New Roman-Normal-1252", "fs": 11.0, "id": 2}, {"rgb": [0, 0, 0], "f": "Times New Roman-Normal-1252", "fs": 8.0, "id": 3}, {"rgb": [0, 0, 0], "f": "Times New Roman-Italic-1252", "fs": 8.0, "id": 4}, {"rgb": [0, 0, 0], "f": "Times New Roman-Normal-1252", "fs": 7.0, "id": 5}, {"rgb": [0, 0, 0], "f": "Times New Roman-Normal-1252", "fs": 6.0, "id": 6}, {"rgb": [0, 0, 0], "f": "Times New Roman-Bold-1252", "fs": 15.0, "id": 7}, {"rgb": [0, 0, 0], "f": "Times New Roman-Bold-1252", "fs": 23.0, "id": 8}, {"rgb": [0, 0, 0], "f": "Times New Roman-Italic-1252", "fs": 11.0, "id": 9}, {"rgb": [0, 0, 0], "f": "Times New Roman-Bold-1252", "fs": 17.0, "id": 10}, {"rgb": [0, 0, 0], "f": "Times New Roman-Bold_Italic-1252", "fs": 17.0, "id": 11}, {"rgb": [0, 0, 0], "f": "Times New Roman-Bold_Italic-1252", "fs": 8.0, "id": 12}, {"rgb": [0, 0, 0], "f": "Times New Roman-Normal-1252", "fs": 10.0, "id": 13}, {"rgb": [0, 0, 0], "f": "Arial-Bold-1252", "fs": 6.0, "id": 14}, {"rgb": [0, 0, 0], "f": "Arial-Bold-1252", "fs": 10.0, "id": 15}, {"rgb": [0, 0, 0], "f": "Times New Roman-Italic-1252", "fs": 6.0, "id": 16}, {"rgb": [0, 0, 0], "f": "Times New Roman-Bold-1252", "fs": 8.0, "id": 17}, {"rgb": [0, 0, 0], "f": "Times New Roman-Italic-1252", "fs": 36.0, "id": 18}, {"rgb": [0, 0, 0], "f": "Times New Roman-Bold-1252", "fs": 11.0, "id": 19}, {"rgb": [0, 0, 0], "f": "Times New Roman-Bold-1252", "fs": 12.0, "id": 20}, {"rgb": [0, 0, 0], "f": "Times New Roman-Normal-1252", "fs": 16.0, "id": 21}, {"rgb": [0, 0, 0], "f": "Times New Roman-Bold-1252", "fs": 6.0, "id": 22}, {"rgb": [0, 0, 0], "f": "Times New Roman-Bold-1252", "fs": 7.0, "id": 23}, {"rgb": [0, 0, 0], "f": "Times New Roman-Bold_Italic-1252", "fs": 12.0, "id": 24}, {"rgb": [0, 0, 0], "f": "Times New Roman-Normal-1252", "fs": 18.0, "id": 25}, {"rgb": [0, 0, 0], "f": "Times New Roman-Normal-1252", "fs": 26.0, "id": 26}, {"rgb": [0, 0, 0], "f": "Times New Roman-Bold-1252", "fs": 14.0, "id": 27}, {"rgb": [0, 0, 0], "f": "Times New Roman-Bold-1252", "fs": 16.0, "id": 28}, {"rgb": [0, 0, 0], "f": "Times New Roman-Normal-1252", "fs": 15.0, "id": 29}, {"rgb": [0, 0, 0], "f": "Arial-Bold-1252", "fs": 16.0, "id": 30}, {"rgb": [0, 0, 0], "f": "Times New Roman-Bold-1252", "fs": 32.0, "id": 31}, {"rgb": [0, 0, 0], "f": "Arial-Bold-1252", "fs": 8.0, "id": 32}, {"rgb": [0, 0, 0], "f": "Times New Roman-Bold_Italic-1252", "fs": 11.0, "id": 33}, {"rgb": [0, 0, 0], "f": "Times New Roman-Normal-1252", "fs": 22.0, "id": 34}, {"rgb": [0, 0, 0], "f": "Times New Roman-Bold-1252", "fs": 22.0, "id": 35}, {"rgb": [0, 0, 0], "f": "Times New Roman-Normal-1252", "fs": 27.0, "id": 36}, {"rgb": [0, 0, 0], "f": "Times New Roman-Italic-1252", "fs": 43.0, "id": 37}, {"rgb": [0, 0, 0], "f": "Arial-Bold-1252", "fs": 35.0, "id": 38}, {"rgb": [0, 0, 0], "f": "Arial-Normal-1252", "fs": 30.0, "id": 39}, {"rgb": [0, 0, 0], "f": "Times New Roman-Bold-1252", "fs": 9.0, "id": 40}, {"rgb": [0, 0, 0], "f": "Times New Roman-Bold-1252", "fs": 30.0, "id": 41}, {"rgb": [0, 0, 0], "f": "Times New Roman-Normal-1252", "fs": 23.0, "id": 42}, {"rgb": [0, 0, 0], "f": "Times New Roman-Bold_Italic-1252", "fs": 25.0, "id": 43}, {"rgb": [0, 0, 0], "f": "Arial-Bold-1252", "fs": 24.0, "id": 44}, {"rgb": [0, 0, 0], "f": "Times New Roman-Bold-1252", "fs": 45.0, "id": 45}, {"rgb": [0, 0, 0], "f": "Times New Roman-Bold-1252", "fs": 25.0, "id": 46}, {"rgb": [0, 0, 0], "f": "Times New Roman-Italic-1252", "fs": 10.0, "id": 47}, {"rgb": [0, 0, 0], "f": "Times New Roman-Bold-1252", "fs": 10.0, "id": 48}, {"rgb": [0, 0, 0], "f": "Times New Roman-Bold_Italic-1252", "fs": 10.0, "id": 49}, {"rgb": [0, 0, 0], "f": "Arial-Bold-1252", "fs": 12.0, "id": 50}, {"rgb": [0, 0, 0], "f": "Times New Roman-Bold-1252", "fs": 21.0, "id": 51}, {"rgb": [0, 0, 0], "f": "Times New Roman-Normal-1252", "fs": 30.0, "id": 52}, {"rgb": [0, 0, 0], "f": "Times New Roman-Italic-1252", "fs": 24.0, "id": 53}, {"rgb": [0, 0, 0], "f": "Times New Roman-Normal-1252", "fs": 24.0, "id": 54}, {"rgb": [0, 0, 0], "f": "Arial-Normal-1252", "fs": 34.0, "id": 55}, {"rgb": [0, 0, 0], "f": "Arial-Normal-1252", "fs": 24.0, "id": 56}, {"rgb": [0, 0, 0], "f": "Arial-Bold_Italic-1252", "fs": 6.0, "id": 57}, {"rgb": [0, 0, 0], "f": "Times New Roman-Bold-1252", "fs": 64.0, "id": 58}, {"rgb": [0, 0, 0], "f": "Arial-Bold-1252", "fs": 25.0, "id": 59}, {"rgb": [0, 0, 0], "f": "Arial-Bold-1252", "fs": 11.0, "id": 60}, {"rgb": [0, 0, 0], "f": "Times New Roman-Bold-1252", "fs": 24.0, "id": 61}, {"rgb": [0, 0, 0], "f": "Times New Roman-Normal-1252", "fs": 4.0, "id": 62}, {"rgb": [0, 0, 0], "f": "Times New Roman-Italic-1252", "fs": 4.0, "id": 63}, {"rgb": [0, 0, 0], "f": "Courier New-Bold-1252", "fs": 10.0, "id": 64}, {"rgb": [0, 0, 0], "f": "Arial-Bold_Italic-1252", "fs": 10.0, "id": 65}, {"rgb": [0, 0, 0], "f": "Arial-Bold-1252", "fs": 17.0, "id": 66}, {"rgb": [0, 0, 0], "f": "Times New Roman-Normal-1252", "fs": 9.0, "id": 67}, {"rgb": [0, 0, 0], "f": "Arial-Bold-1252", "fs": 31.0, "id": 68}, {"rgb": [0, 0, 0], "f": "Times New Roman-Bold-1252", "fs": 18.0, "id": 69}, {"rgb": [0, 0, 0], "f": "Times New Roman-Italic-1252", "fs": 42.0, "id": 70}, {"rgb": [0, 0, 0], "f": "Times New Roman-Italic-1252", "fs": 9.0, "id": 71}, {"rgb": [0, 0, 0], "f": "Times New Roman-Normal-1252", "fs": 12.0, "id": 72}, {"rgb": [0, 0, 0], "f": "Times New Roman-Normal-1252", "fs": 17.0, "id": 73}, {"rgb": [0, 0, 0], "f": "Times New Roman-Bold_Italic-1252", "fs": 7.0, "id": 74}, {"rgb": [0, 0, 0], "f": "Times New Roman-Normal-1252", "fs": 21.0, "id": 75}, {"rgb": [0, 0, 0], "f": "Arial-Normal-1252", "fs": 10.0, "id": 76}, {"rgb": [0, 0, 0], "f": "Arial-Normal-1252", "fs": 11.0, "id": 77}, {"rgb": [0, 0, 0], "f": "Times New Roman-Italic-1252", "fs": 21.0, "id": 78}, {"rgb": [0, 0, 0], "f": "Times New Roman-Bold-1252", "fs": 19.0, "id": 79}, {"rgb": [0, 0, 0], "f": "Arial-Bold-1252", "fs": 38.0, "id": 80}, {"rgb": [0, 0, 0], "f": "Times New Roman-Italic-1252", "fs": 31.0, "id": 81}, {"rgb": [0, 0, 0], "f": "Times New Roman-Normal-1252", "fs": 31.0, "id": 82}, {"rgb": [0, 0, 0], "f": "Arial-Bold-1252", "fs": 28.0, "id": 83}, {"rgb": [0, 0, 0], "f": "Arial-Bold-1252", "fs": 23.0, "id": 84}, {"rgb": [0, 0, 0], "f": "Arial-Bold-1252", "fs": 18.0, "id": 85}, {"rgb": [0, 0, 0], "f": "Arial-Bold-1252", "fs": 20.0, "id": 86}, {"rgb": [0, 0, 0], "f": "Times New Roman-Normal-1252", "fs": 14.0, "id": 87}, {"rgb": [0, 0, 0], "f": "Arial-Bold-1252", "fs": 21.0, "id": 88}, {"rgb": [0, 0, 0], "f": "Times New Roman-Bold-1252", "fs": 36.0, "id": 89}, {"rgb": [0, 0, 0], "f": "Arial-Bold-1252", "fs": 45.0, "id": 90}, {"rgb": [0, 0, 0], "f": "Times New Roman-Italic-1252", "fs": 19.0, "id": 91}, {"rgb": [0, 0, 0], "f": "Arial-Bold_Italic-1252", "fs": 11.0, "id": 92}, {"rgb": [0, 0, 0], "f": "Arial-Bold-1252", "fs": 32.0, "id": 93}, {"rgb": [0, 0, 0], "f": "Times New Roman-Bold_Italic-1252", "fs": 36.0, "id": 94}, {"rgb": [0, 0, 0], "f": "Times New Roman-Normal-1252", "fs": 13.0, "id": 95}, {"rgb": [0, 0, 0], "f": "Times New Roman-Normal-1252", "fs": 32.0, "id": 96}, {"rgb": [0, 0, 0], "f": "Times New Roman-Italic-1252", "fs": 17.0, "id": 97}, {"rgb": [0, 0, 0], "f": "Times New Roman-Italic-1252", "fs": 13.0, "id": 98}, {"rgb": [0, 0, 0], "f": "Times New Roman-Bold-1252", "fs": 31.0, "id": 99}, {"rgb": [0, 0, 0], "f": "Times New Roman-Italic-1252", "fs": 18.0, "id": 100}, {"rgb": [0, 0, 0], "f": "Times New Roman-Italic-1252", "fs": 7.0, "id": 101}, {"rgb": [0, 0, 0], "f": "Times New Roman-Bold-1252", "fs": 13.0, "id": 102}, {"rgb": [0, 0, 0], "f": "Times New Roman-Bold_Italic-1252", "fs": 15.0, "id": 103}, {"rgb": [0, 0, 0], "f": "Times New Roman-Italic-1252", "fs": 16.0, "id": 104}, {"rgb": [0, 0, 0], "f": "Times New Roman-Normal-1252", "fs": 3.0, "id": 105}, {"rgb": [0, 0, 0], "f": "Times New Roman-Normal-1252", "fs": 34.0, "id": 106}, {"rgb": [0, 0, 0], "f": "Arial-Bold_Italic-1252", "fs": 17.0, "id": 107}, {"rgb": [0, 0, 0], "f": "Times New Roman-Bold_Italic-1252", "fs": 4.0, "id": 108}, {"rgb": [0, 0, 0], "f": "Times New Roman-Bold_Italic-1252", "fs": 3.0, "id": 109}, {"rgb": [0, 0, 0], "f": "Times New Roman-Bold-1252", "fs": 3.0, "id": 110}, {"rgb": [0, 0, 0], "f": "Times New Roman-Bold-1252", "fs": 4.0, "id": 111}, {"rgb": [0, 0, 0], "f": "Arial-Bold-1252", "fs": 29.0, "id": 112}, {"rgb": [0, 0, 0], "f": "Arial-Bold_Italic-1252", "fs": 29.0, "id": 113}, {"rgb": [0, 0, 0], "f": "Times New Roman-Bold_Italic-1252", "fs": 16.0, "id": 114}, {"rgb": [0, 0, 0], "f": "Courier New-Normal-1252", "fs": 16.0, "id": 115}, {"rgb": [0, 0, 0], "f": "Courier New-Normal-1252", "fs": 12.0, "id": 116}, {"rgb": [0, 0, 0], "f": "Courier New-Normal-1252", "fs": 10.0, "id": 117}, {"rgb": [0, 0, 0], "f": "Times New Roman-Italic-1252", "fs": 12.0, "id": 118}], "pp": ["IMP-1901-09-03-a-p0001", "IMP-1901-09-03-a-p0002", "IMP-1901-09-03-a-p0003", "IMP-1901-09-03-a-p0004", "IMP-1901-09-03-a-p0005", "IMP-1901-09-03-a-p0006", "IMP-1901-09-03-a-p0007", "IMP-1901-09-03-a-p0008", "IMP-1901-09-03-a-p0009", "IMP-1901-09-03-a-p0010"]}