{"id": "JDG-1901-01-01-a", "cdt": "2019-01-05 17:37:08", "i": [{"l": {"id": ["Ar00100", "Ar00101", "Ar00102", "Ar00103", "Ar00104", "Ar00105", "Ar00200"], "source": ["103_JDG_1901_01_01_0001.PDF", "103_JDG_1901_01_01_0001.PDF", "103_JDG_1901_01_01_0001.PDF", "103_JDG_1901_01_01_0001.PDF", "103_JDG_1901_01_01_0001.PDF", "103_JDG_1901_01_01_0001.PDF", "103_JDG_1901_01_01_0001.PDF"]}, "m": {"id": "JDG-1901-01-01-a-i0001", "l": "fr", "pp": [1, 1, 1, 1, 1, 1, 2], "t": "LA SUISSE EN 1900", "tp": "article"}}, {"l": {"id": "Ar00400", "source": "103_JDG_1901_01_01_0001.PDF"}, "m": {"id": "JDG-1901-01-01-a-i0034", "l": "fr", "pp": [4], "tp": "article"}}, {"l": {"id": "Ar00401", "source": "103_JDG_1901_01_01_0001.PDF"}, "m": {"id": "JDG-1901-01-01-a-i0035", "l": "fr", "pp": [4], "tp": "article"}}, {"l": {"id": ["Ar00302", "Ar00303", "Ar00304"], "source": ["103_JDG_1901_01_01_0001.PDF", "103_JDG_1901_01_01_0001.PDF", "103_JDG_1901_01_01_0001.PDF"]}, "m": {"id": "JDG-1901-01-01-a-i0021", "l": "fr", "pp": [3, 3, 3], "t": "CHRONIQUE LOCALE", "tp": "article"}}, {"l": {"id": "Ar00402", "source": "103_JDG_1901_01_01_0001.PDF"}, "m": {"id": "JDG-1901-01-01-a-i0036", "l": "fr", "pp": [4], "tp": "article"}}, {"l": {"id": "Ar00403", "source": "103_JDG_1901_01_01_0001.PDF"}, "m": {"id": "JDG-1901-01-01-a-i0037", "l": "fr", "pp": [4], "tp": "article"}}, {"l": {"id": "Ar00204", "source": "103_JDG_1901_01_01_0001.PDF"}, "m": {"id": "JDG-1901-01-01-a-i0012", "l": "fr", "pp": [2], "t": "CONF\u00c9D\u00c9RATION SUISSE", "tp": "article"}}, {"l": {"id": "Ar00404", "source": "103_JDG_1901_01_01_0001.PDF"}, "m": {"id": "JDG-1901-01-01-a-i0038", "l": "fr", "pp": [4], "tp": "article"}}, {"l": {"id": ["Ar00205", "Ar00206", "Ar00207"], "source": ["103_JDG_1901_01_01_0001.PDF", "103_JDG_1901_01_01_0001.PDF", "103_JDG_1901_01_01_0001.PDF"]}, "m": {"id": "JDG-1901-01-01-a-i0013", "l": "fr", "pp": [2, 2, 2], "t": "\u00c9TRANGER", "tp": "article"}}, {"l": {"id": "Ar00305", "source": "103_JDG_1901_01_01_0001.PDF"}, "m": {"id": "JDG-1901-01-01-a-i0024", "l": "fr", "pp": [3], "t": "R\u00c9URIONS.-CONVOCATIONS.-CeNCEIITS", "tp": "article"}}, {"l": {"id": "Ar00405", "source": "103_JDG_1901_01_01_0001.PDF"}, "m": {"id": "JDG-1901-01-01-a-i0039", "l": "fr", "pp": [4], "tp": "article"}}, {"l": {"id": "Ar00106", "source": "103_JDG_1901_01_01_0001.PDF"}, "m": {"id": "JDG-1901-01-01-a-i0007", "l": "fr", "pp": [1], "tp": "article"}}, {"l": {"id": "Ar00306", "source": "103_JDG_1901_01_01_0001.PDF"}, "m": {"id": "JDG-1901-01-01-a-i0025", "l": "fr", "pp": [3], "t": "SERVICE T\u00c9L\u00c9GRAPHIQUE", "tp": "article"}}, {"l": {"id": "Ar00406", "source": "103_JDG_1901_01_01_0001.PDF"}, "m": {"id": "JDG-1901-01-01-a-i0040", "l": "fr", "pp": [4], "tp": "article"}}, {"l": {"id": ["Ar00307", "Ar00308"], "source": ["103_JDG_1901_01_01_0001.PDF", "103_JDG_1901_01_01_0001.PDF"]}, "m": {"id": "JDG-1901-01-01-a-i0026", "l": "fr", "pp": [3, 3], "t": "Les affaires \u00f9* Chine", "tp": "article"}}, {"l": {"id": "Ar00407", "source": "103_JDG_1901_01_01_0001.PDF"}, "m": {"id": "JDG-1901-01-01-a-i0041", "l": "fr", "pp": [4], "tp": "article"}}, {"l": {"id": ["Ar00208", "Ar00300", "Ar00301"], "source": ["103_JDG_1901_01_01_0001.PDF", "103_JDG_1901_01_01_0001.PDF", "103_JDG_1901_01_01_0001.PDF"]}, "m": {"id": "JDG-1901-01-01-a-i0016", "l": "fr", "pp": [2, 3, 3], "t": "ACTUALIT\u00c9", "tp": "article"}}, {"l": {"id": "Ar00408", "source": "103_JDG_1901_01_01_0001.PDF"}, "m": {"id": "JDG-1901-01-01-a-i0042", "l": "fr", "pp": [4], "tp": "article"}}, {"l": {"id": ["Ar00209", "Ar00201"], "source": ["103_JDG_1901_01_01_0001.PDF", "103_JDG_1901_01_01_0001.PDF"]}, "m": {"id": "JDG-1901-01-01-a-i0017", "l": "fr", "pp": [2, 2], "t": "GEN\u00c8VE", "tp": "article"}}, {"l": {"id": "Ar00309", "source": "103_JDG_1901_01_01_0001.PDF"}, "m": {"id": "JDG-1901-01-01-a-i0028", "l": "fr", "pp": [3], "t": "Guerre anglotransvaalienne", "tp": "article"}}, {"l": {"id": "Ar00409", "source": "103_JDG_1901_01_01_0001.PDF"}, "m": {"id": "JDG-1901-01-01-a-i0043", "l": "fr", "pp": [4], "tp": "article"}}, {"l": {"id": ["Ar00210", "Ar00202", "Ar00203"], "source": ["103_JDG_1901_01_01_0001.PDF", "103_JDG_1901_01_01_0001.PDF", "103_JDG_1901_01_01_0001.PDF"]}, "m": {"id": "JDG-1901-01-01-a-i0018", "l": "fr", "pp": [2, 2, 2], "t": "Politique cantonale", "tp": "article"}}, {"l": {"id": "Ar00310", "source": "103_JDG_1901_01_01_0001.PDF"}, "m": {"id": "JDG-1901-01-01-a-i0029", "l": "fr", "pp": [3], "tp": "article"}}, {"l": {"id": "Ar00410", "source": "103_JDG_1901_01_01_0001.PDF"}, "m": {"id": "JDG-1901-01-01-a-i0044", "l": "fr", "pp": [4], "tp": "article"}}, {"l": {"id": "Ar00311", "source": "103_JDG_1901_01_01_0001.PDF"}, "m": {"id": "JDG-1901-01-01-a-i0030", "l": "fr", "pp": [3], "tp": "article"}}, {"l": {"id": "Ar00411", "source": "103_JDG_1901_01_01_0001.PDF"}, "m": {"id": "JDG-1901-01-01-a-i0045", "l": "fr", "pp": [4], "tp": "article"}}, {"l": {"id": "Ar00312", "source": "103_JDG_1901_01_01_0001.PDF"}, "m": {"id": "JDG-1901-01-01-a-i0031", "l": "fr", "pp": [3], "t": "Allemagn e", "tp": "article"}}, {"l": {"id": "Ar00412", "source": "103_JDG_1901_01_01_0001.PDF"}, "m": {"id": "JDG-1901-01-01-a-i0046", "l": "fr", "pp": [4], "tp": "article"}}, {"l": {"id": "Ar00313", "source": "103_JDG_1901_01_01_0001.PDF"}, "m": {"id": "JDG-1901-01-01-a-i0032", "l": "fr", "pp": [3], "t": "Russie", "tp": "article"}}, {"l": {"id": "Ar00314", "source": "103_JDG_1901_01_01_0001.PDF"}, "m": {"id": "JDG-1901-01-01-a-i0033", "l": "fr", "pp": [3], "tp": "article"}}], "s": [{"rgb": [0, 0, 0], "f": "Times-Roman", "fs": 12.0, "id": 1}, {"rgb": [0, 0, 0], "f": "Times-Roman", "fs": 10.0, "id": 2}, {"rgb": [0, 0, 0], "f": "Times-Italic", "fs": 9.0, "id": 3}, {"rgb": [0, 0, 0], "f": "Times-Bold", "fs": 12.0, "id": 4}, {"rgb": [0, 0, 0], "f": "Times-Bold", "fs": 7.8, "id": 5}, {"rgb": [0, 0, 0], "f": "Times-Roman", "fs": 7.8, "id": 6}, {"rgb": [0, 0, 0], "f": "Times-Bold", "fs": 14.0, "id": 7}, {"rgb": [0, 0, 0], "f": "Times-Italic", "fs": 10.0, "id": 8}, {"rgb": [0, 0, 0], "f": "Times-Roman", "fs": 6.5, "id": 9}, {"rgb": [0, 0, 0], "f": "Times-Roman", "fs": 8.0, "id": 10}, {"rgb": [0, 0, 0], "f": "Times-Italic", "fs": 7.0, "id": 11}, {"rgb": [0, 0, 0], "f": "Times-Bold", "fs": 21.0, "id": 12}, {"rgb": [0, 0, 0], "f": "Times-Bold", "fs": 7.0, "id": 13}, {"rgb": [0, 0, 0], "f": "Helvetica-Bold", "fs": 11.0, "id": 14}, {"rgb": [0, 0, 0], "f": "Helvetica-Bold", "fs": 13.003, "id": 15}, {"rgb": [0, 0, 0], "f": "Times-Bold", "fs": 10.0, "id": 16}, {"rgb": [0, 0, 0], "f": "Times-Bold", "fs": 20.0, "id": 17}, {"rgb": [0, 0, 0], "f": "Helvetica-Bold", "fs": 18.0, "id": 18}, {"rgb": [0, 0, 0], "f": "Times-Roman", "fs": 11.0, "id": 19}, {"rgb": [0, 0, 0], "f": "Times-Bold", "fs": 5.0, "id": 20}, {"rgb": [0, 0, 0], "f": "Times-Bold", "fs": 6.5, "id": 21}, {"rgb": [0, 0, 0], "f": "Times-Roman", "fs": 5.2, "id": 22}, {"rgb": [0, 0, 0], "f": "Times-Italic", "fs": 8.0, "id": 23}, {"rgb": [0, 0, 0], "f": "Times-Italic", "fs": 5.2, "id": 24}, {"rgb": [0, 0, 0], "f": "Times-Bold", "fs": 15.0, "id": 25}, {"rgb": [0, 0, 0], "f": "Times-BoldItalic", "fs": 15.0, "id": 26}, {"rgb": [0, 0, 0], "f": "Times-BoldItalic", "fs": 12.0, "id": 27}, {"rgb": [0, 0, 0], "f": "Times-Italic", "fs": 12.0, "id": 28}, {"rgb": [0, 0, 0], "f": "Helvetica-Bold", "fs": 19.0, "id": 29}, {"rgb": [0, 0, 0], "f": "Times-Roman", "fs": 11.7, "id": 30}, {"rgb": [0, 0, 0], "f": "Times-Bold", "fs": 6.8, "id": 31}, {"rgb": [0, 0, 0], "f": "Times-Bold", "fs": 5.8, "id": 32}, {"rgb": [0, 0, 0], "f": "Times-Bold", "fs": 8.0, "id": 33}, {"rgb": [0, 0, 0], "f": "Helvetica", "fs": 10.0, "id": 34}, {"rgb": [0, 0, 0], "f": "Helvetica", "fs": 8.0, "id": 35}, {"rgb": [0, 0, 0], "f": "Times-Bold", "fs": 29.0, "id": 36}, {"rgb": [0, 0, 0], "f": "Helvetica-Bold", "fs": 6.8, "id": 37}, {"rgb": [0, 0, 0], "f": "Helvetica-Bold", "fs": 10.0, "id": 38}, {"rgb": [0, 0, 0], "f": "Times-BoldItalic", "fs": 34.0, "id": 39}, {"rgb": [0, 0, 0], "f": "Helvetica-Bold", "fs": 27.0, "id": 40}, {"rgb": [0, 0, 0], "f": "Times-Roman", "fs": 21.0, "id": 41}, {"rgb": [0, 0, 0], "f": "Times-Bold", "fs": 16.0, "id": 42}, {"rgb": [0, 0, 0], "f": "Times-Roman", "fs": 18.0, "id": 43}, {"rgb": [0, 0, 0], "f": "Helvetica", "fs": 11.1, "id": 44}, {"rgb": [0, 0, 0], "f": "Times-Bold", "fs": 17.0, "id": 45}, {"rgb": [0, 0, 0], "f": "Times-BoldItalic", "fs": 8.0, "id": 46}, {"rgb": [0, 0, 0], "f": "Times-Bold", "fs": 11.7, "id": 47}, {"rgb": [0, 0, 0], "f": "Times-Bold", "fs": 7.605, "id": 48}, {"rgb": [0, 0, 0], "f": "Times-Roman", "fs": 16.0, "id": 49}, {"rgb": [0, 0, 0], "f": "Helvetica-Bold", "fs": 22.0, "id": 50}, {"rgb": [0, 0, 0], "f": "Times-Bold", "fs": 26.0, "id": 51}, {"rgb": [0, 0, 0], "f": "Times-Roman", "fs": 14.0, "id": 52}, {"rgb": [0, 0, 0], "f": "Times-BoldItalic", "fs": 24.0, "id": 53}, {"rgb": [0, 0, 0], "f": "Helvetica", "fs": 18.0, "id": 54}, {"rgb": [0, 0, 0], "f": "Times-Bold", "fs": 18.0, "id": 55}, {"rgb": [0, 0, 0], "f": "Times-BoldItalic", "fs": 6.8, "id": 56}, {"rgb": [0, 0, 0], "f": "Times-Bold", "fs": 5.2, "id": 57}, {"rgb": [0, 0, 0], "f": "Times-Bold", "fs": 34.0, "id": 58}, {"rgb": [0, 0, 0], "f": "Times-Bold", "fs": 4.42, "id": 59}, {"rgb": [0, 0, 0], "f": "Times-BoldItalic", "fs": 5.8, "id": 60}, {"rgb": [0, 0, 0], "f": "Times-BoldItalic", "fs": 29.0, "id": 61}, {"rgb": [0, 0, 0], "f": "Times-Italic", "fs": 6.8, "id": 62}, {"rgb": [0, 0, 0], "f": "Helvetica-Bold", "fs": 11.1, "id": 63}, {"rgb": [0, 0, 0], "f": "Times-Italic", "fs": 14.0, "id": 64}, {"rgb": [0, 0, 0], "f": "Times-Roman", "fs": 6.8, "id": 65}, {"rgb": [0, 0, 0], "f": "Helvetica-Bold", "fs": 25.0, "id": 66}, {"rgb": [0, 0, 0], "f": "Helvetica-Bold", "fs": 14.0, "id": 67}, {"rgb": [0, 0, 0], "f": "Helvetica-BoldOblique", "fs": 14.0, "id": 68}, {"rgb": [0, 0, 0], "f": "Helvetica-BoldOblique", "fs": 9.1, "id": 69}, {"rgb": [0, 0, 0], "f": "Helvetica-Bold", "fs": 17.0, "id": 70}, {"rgb": [0, 0, 0], "f": "Times-Roman", "fs": 11.1, "id": 71}, {"rgb": [0, 0, 0], "f": "Times-Bold", "fs": 19.0, "id": 72}, {"rgb": [0, 0, 0], "f": "Times-Bold", "fs": 13.65, "id": 73}, {"rgb": [0, 0, 0], "f": "Helvetica-Bold", "fs": 9.1, "id": 74}, {"rgb": [0, 0, 0], "f": "Times-Bold", "fs": 11.1, "id": 75}, {"rgb": [0, 0, 0], "f": "Times-Bold", "fs": 24.0, "id": 76}, {"rgb": [0, 0, 0], "f": "Times-Bold", "fs": 39.0, "id": 77}, {"rgb": [0, 0, 0], "f": "Helvetica-Oblique", "fs": 10.0, "id": 78}, {"rgb": [0, 0, 0], "f": "Helvetica-Bold", "fs": 44.0, "id": 79}, {"rgb": [0, 0, 0], "f": "Helvetica-Bold", "fs": 21.0, "id": 80}, {"rgb": [0, 0, 0], "f": "Helvetica-Bold", "fs": 8.0, "id": 81}, {"rgb": [0, 0, 0], "f": "Times-Roman", "fs": 13.65, "id": 82}, {"rgb": [0, 0, 0], "f": "Times-Roman", "fs": 22.511, "id": 83}, {"rgb": [0, 0, 0], "f": "Times-Roman", "fs": 23.529, "id": 84}, {"rgb": [0, 0, 0], "f": "Times-Italic", "fs": 11.7, "id": 85}, {"rgb": [0, 0, 0], "f": "Helvetica-Bold", "fs": 5.8, "id": 86}, {"rgb": [0, 0, 0], "f": "Helvetica", "fs": 29.708, "id": 87}, {"rgb": [0, 0, 0], "f": "Times-Bold", "fs": 26.063, "id": 88}, {"rgb": [0, 0, 0], "f": "Helvetica-BoldOblique", "fs": 6.8, "id": 89}, {"rgb": [0, 0, 0], "f": "Times-BoldItalic", "fs": 11.7, "id": 90}, {"rgb": [0, 0, 0], "f": "Times-Italic", "fs": 4.42, "id": 91}], "pp": ["JDG-1901-01-01-a-p0001", "JDG-1901-01-01-a-p0002", "JDG-1901-01-01-a-p0003", "JDG-1901-01-01-a-p0004"]}