{"id": "GDL-1900-01-04-a", "cdt": "2018-12-25 22:45:27", "i": [{"l": {"id": "Ar00100", "source": "103-GDL-1900-01-04-0001.pdf"}, "m": {"id": "GDL-1900-01-04-a-i0001", "l": "fr", "pp": [1], "t": "Lausanne, 4 janvier 1900.", "tp": "article"}}, {"l": {"id": "Ar00200", "source": "103-GDL-1900-01-04-0001.pdf"}, "m": {"id": "GDL-1900-01-04-a-i0010", "l": "fr", "pp": [2], "t": "LETTRE DE PARIS", "tp": "article"}}, {"l": {"id": "Ar00300", "source": "103-GDL-1900-01-04-0001.pdf"}, "m": {"id": "GDL-1900-01-04-a-i0015", "l": "fr", "pp": [3], "tp": "article"}}, {"l": {"id": "Ad00400", "source": "103-GDL-1900-01-04-0001.pdf"}, "m": {"id": "GDL-1900-01-04-a-i0031", "l": "fr", "pp": [4], "tp": "ad"}}, {"l": {"id": ["Ar00101", "Ar00204"], "source": ["103-GDL-1900-01-04-0001.pdf", "103-GDL-1900-01-04-0001.pdf"]}, "m": {"id": "GDL-1900-01-04-a-i0002", "l": "fr", "pp": [1, 2], "t": "Pierre-Conradin Romedi.", "tp": "article"}}, {"l": {"id": "Ar00201", "source": "103-GDL-1900-01-04-0001.pdf"}, "m": {"id": "GDL-1900-01-04-a-i0011", "l": "fr", "pp": [2], "t": "LES JUSTES", "tp": "article"}}, {"l": {"id": "Ar00301", "source": "103-GDL-1900-01-04-0001.pdf"}, "m": {"id": "GDL-1900-01-04-a-i0016", "l": "fr", "pp": [3], "t": "CANTON DE VAUD", "tp": "article"}}, {"l": {"id": "Ad00401", "source": "103-GDL-1900-01-04-0001.pdf"}, "m": {"id": "GDL-1900-01-04-a-i0032", "l": "fr", "pp": [4], "tp": "ad"}}, {"l": {"id": "Ar00102", "source": "103-GDL-1900-01-04-0001.pdf"}, "m": {"id": "GDL-1900-01-04-a-i0003", "l": "fr", "pp": [1], "tp": "article"}}, {"l": {"id": "Ar00202", "source": "103-GDL-1900-01-04-0001.pdf"}, "m": {"id": "GDL-1900-01-04-a-i0012", "l": "fr", "pp": [2], "t": "Rescrit imp\u00e9rial.", "tp": "article"}}, {"l": {"id": "Ar00302", "source": "103-GDL-1900-01-04-0001.pdf"}, "m": {"id": "GDL-1900-01-04-a-i0017", "l": "fr", "pp": [3], "t": "LAUSANNE", "tp": "article"}}, {"l": {"id": "Ad00402", "source": "103-GDL-1900-01-04-0001.pdf"}, "m": {"id": "GDL-1900-01-04-a-i0033", "l": "fr", "pp": [4], "tp": "ad"}}, {"l": {"id": "Ar00103", "source": "103-GDL-1900-01-04-0001.pdf"}, "m": {"id": "GDL-1900-01-04-a-i0004", "l": "fr", "pp": [1], "tp": "article"}}, {"l": {"id": "Ar00203", "source": "103-GDL-1900-01-04-0001.pdf"}, "m": {"id": "GDL-1900-01-04-a-i0013", "l": "fr", "pp": [2], "t": "CONF\u00c9D\u00c9RATION SOISSE", "tp": "article"}}, {"l": {"id": "Ar00303", "source": "103-GDL-1900-01-04-0001.pdf"}, "m": {"id": "GDL-1900-01-04-a-i0018", "l": "fr", "pp": [3], "t": "CHRONIQUE VITICOLE", "tp": "article"}}, {"l": {"id": "Ad00403", "source": "103-GDL-1900-01-04-0001.pdf"}, "m": {"id": "GDL-1900-01-04-a-i0034", "l": "fr", "pp": [4], "tp": "ad"}}, {"l": {"id": "Ar00104", "source": "103-GDL-1900-01-04-0001.pdf"}, "m": {"id": "GDL-1900-01-04-a-i0005", "l": "fr", "pp": [1], "tp": "article"}}, {"l": {"id": "Ar00304", "source": "103-GDL-1900-01-04-0001.pdf"}, "m": {"id": "GDL-1900-01-04-a-i0019", "l": "fr", "pp": [3], "t": "CHRONIQUE JUDICIAIRE", "tp": "article"}}, {"l": {"id": "Ar00404", "source": "103-GDL-1900-01-04-0001.pdf"}, "m": {"id": "GDL-1900-01-04-a-i0035", "l": "fr", "pp": [4], "tp": "article"}}, {"l": {"id": "Ar00105", "source": "103-GDL-1900-01-04-0001.pdf"}, "m": {"id": "GDL-1900-01-04-a-i0006", "l": "fr", "pp": [1], "tp": "article"}}, {"l": {"id": "Ar00305", "source": "103-GDL-1900-01-04-0001.pdf"}, "m": {"id": "GDL-1900-01-04-a-i0020", "l": "fr", "pp": [3], "t": "LES LIVRES", "tp": "article"}}, {"l": {"id": "Ar00405", "source": "103-GDL-1900-01-04-0001.pdf"}, "m": {"id": "GDL-1900-01-04-a-i0036", "l": "fr", "pp": [4], "tp": "article"}}, {"l": {"id": "Ar00106", "source": "103-GDL-1900-01-04-0001.pdf"}, "m": {"id": "GDL-1900-01-04-a-i0007", "l": "fr", "pp": [1], "tp": "article"}}, {"l": {"id": "Ar00306", "source": "103-GDL-1900-01-04-0001.pdf"}, "m": {"id": "GDL-1900-01-04-a-i0021", "l": "fr", "pp": [3], "t": "DERNIER COURRIER", "tp": "article"}}, {"l": {"id": "Ad00406", "source": "103-GDL-1900-01-04-0001.pdf"}, "m": {"id": "GDL-1900-01-04-a-i0037", "l": "fr", "pp": [4], "tp": "ad"}}, {"l": {"id": "Ar00107", "source": "103-GDL-1900-01-04-0001.pdf"}, "m": {"id": "GDL-1900-01-04-a-i0008", "l": "fr", "pp": [1], "tp": "article"}}, {"l": {"id": "Ar00307", "source": "103-GDL-1900-01-04-0001.pdf"}, "m": {"id": "GDL-1900-01-04-a-i0022", "l": "fr", "pp": [3], "t": "Derni\u00e8res d\u00e9p\u00eaches", "tp": "article"}}, {"l": {"id": "Ad00407", "source": "103-GDL-1900-01-04-0001.pdf"}, "m": {"id": "GDL-1900-01-04-a-i0038", "l": "fr", "pp": [4], "tp": "ad"}}, {"l": {"id": "Ar00108", "source": "103-GDL-1900-01-04-0001.pdf"}, "m": {"id": "GDL-1900-01-04-a-i0009", "l": "fr", "pp": [1], "t": "A la Haute Cour.", "tp": "article"}}, {"l": {"id": "Ar00308", "source": "103-GDL-1900-01-04-0001.pdf"}, "m": {"id": "GDL-1900-01-04-a-i0023", "l": "fr", "pp": [3], "t": "FAITS DIVERS", "tp": "article"}}, {"l": {"id": "Ad00408", "source": "103-GDL-1900-01-04-0001.pdf"}, "m": {"id": "GDL-1900-01-04-a-i0039", "l": "fr", "pp": [4], "tp": "ad"}}, {"l": {"id": "Ar00309", "source": "103-GDL-1900-01-04-0001.pdf"}, "m": {"id": "GDL-1900-01-04-a-i0024", "l": "fr", "pp": [3], "t": "NOUVELLES DES GANTONS", "tp": "article"}}, {"l": {"id": "Ad00409", "source": "103-GDL-1900-01-04-0001.pdf"}, "m": {"id": "GDL-1900-01-04-a-i0040", "l": "fr", "pp": [4], "tp": "ad"}}, {"l": {"id": "Ad00310", "source": "103-GDL-1900-01-04-0001.pdf"}, "m": {"id": "GDL-1900-01-04-a-i0025", "l": "fr", "pp": [3], "tp": "ad"}}, {"l": {"id": "Ad00410", "source": "103-GDL-1900-01-04-0001.pdf"}, "m": {"id": "GDL-1900-01-04-a-i0041", "l": "fr", "pp": [4], "tp": "ad"}}, {"l": {"id": "Ad00311", "source": "103-GDL-1900-01-04-0001.pdf"}, "m": {"id": "GDL-1900-01-04-a-i0026", "l": "fr", "pp": [3], "tp": "ad"}}, {"l": {"id": "Ad00411", "source": "103-GDL-1900-01-04-0001.pdf"}, "m": {"id": "GDL-1900-01-04-a-i0042", "l": "fr", "pp": [4], "tp": "ad"}}, {"l": {"id": "Ad00312", "source": "103-GDL-1900-01-04-0001.pdf"}, "m": {"id": "GDL-1900-01-04-a-i0027", "l": "fr", "pp": [3], "tp": "ad"}}, {"l": {"id": "Ad00412", "source": "103-GDL-1900-01-04-0001.pdf"}, "m": {"id": "GDL-1900-01-04-a-i0043", "l": "fr", "pp": [4], "tp": "ad"}}, {"l": {"id": "Ad00313", "source": "103-GDL-1900-01-04-0001.pdf"}, "m": {"id": "GDL-1900-01-04-a-i0028", "l": "fr", "pp": [3], "tp": "ad"}}, {"l": {"id": "Ad00413", "source": "103-GDL-1900-01-04-0001.pdf"}, "m": {"id": "GDL-1900-01-04-a-i0044", "l": "fr", "pp": [4], "tp": "ad"}}, {"l": {"id": "Ar00314", "source": "103-GDL-1900-01-04-0001.pdf"}, "m": {"id": "GDL-1900-01-04-a-i0029", "l": "fr", "pp": [3], "tp": "article"}}, {"l": {"id": "Ad00414", "source": "103-GDL-1900-01-04-0001.pdf"}, "m": {"id": "GDL-1900-01-04-a-i0045", "l": "fr", "pp": [4], "tp": "ad"}}, {"l": {"id": "Ar00315", "source": "103-GDL-1900-01-04-0001.pdf"}, "m": {"id": "GDL-1900-01-04-a-i0030", "l": "fr", "pp": [3], "tp": "article"}}, {"l": {"id": "Ad00415", "source": "103-GDL-1900-01-04-0001.pdf"}, "m": {"id": "GDL-1900-01-04-a-i0046", "l": "fr", "pp": [4], "tp": "ad"}}, {"l": {"id": "Ad00416", "source": "103-GDL-1900-01-04-0001.pdf"}, "m": {"id": "GDL-1900-01-04-a-i0047", "l": "fr", "pp": [4], "tp": "ad"}}, {"l": {"id": "Ad00417", "source": "103-GDL-1900-01-04-0001.pdf"}, "m": {"id": "GDL-1900-01-04-a-i0048", "l": "fr", "pp": [4], "tp": "ad"}}, {"l": {"id": "Ad00418", "source": "103-GDL-1900-01-04-0001.pdf"}, "m": {"id": "GDL-1900-01-04-a-i0049", "l": "fr", "pp": [4], "tp": "ad"}}, {"l": {"id": "Ad00419", "source": "103-GDL-1900-01-04-0001.pdf"}, "m": {"id": "GDL-1900-01-04-a-i0050", "l": "fr", "pp": [4], "tp": "ad"}}, {"l": {"id": "Ad00420", "source": "103-GDL-1900-01-04-0001.pdf"}, "m": {"id": "GDL-1900-01-04-a-i0051", "l": "fr", "pp": [4], "tp": "ad"}}, {"l": {"id": "Ad00421", "source": "103-GDL-1900-01-04-0001.pdf"}, "m": {"id": "GDL-1900-01-04-a-i0052", "l": "fr", "pp": [4], "tp": "ad"}}, {"l": {"id": "Ad00422", "source": "103-GDL-1900-01-04-0001.pdf"}, "m": {"id": "GDL-1900-01-04-a-i0053", "l": "fr", "pp": [4], "tp": "ad"}}, {"l": {"id": "Ad00423", "source": "103-GDL-1900-01-04-0001.pdf"}, "m": {"id": "GDL-1900-01-04-a-i0054", "l": "fr", "pp": [4], "tp": "ad"}}, {"l": {"id": "Ad00424", "source": "103-GDL-1900-01-04-0001.pdf"}, "m": {"id": "GDL-1900-01-04-a-i0055", "l": "fr", "pp": [4], "tp": "ad"}}, {"l": {"id": "Ad00425", "source": "103-GDL-1900-01-04-0001.pdf"}, "m": {"id": "GDL-1900-01-04-a-i0056", "l": "fr", "pp": [4], "tp": "ad"}}, {"l": {"id": "Ad00426", "source": "103-GDL-1900-01-04-0001.pdf"}, "m": {"id": "GDL-1900-01-04-a-i0057", "l": "fr", "pp": [4], "tp": "ad"}}, {"l": {"id": "Ad00427", "source": "103-GDL-1900-01-04-0001.pdf"}, "m": {"id": "GDL-1900-01-04-a-i0058", "l": "fr", "pp": [4], "tp": "ad"}}, {"l": {"id": "Ad00428", "source": "103-GDL-1900-01-04-0001.pdf"}, "m": {"id": "GDL-1900-01-04-a-i0059", "l": "fr", "pp": [4], "tp": "ad"}}, {"l": {"id": "Ad00429", "source": "103-GDL-1900-01-04-0001.pdf"}, "m": {"id": "GDL-1900-01-04-a-i0060", "l": "fr", "pp": [4], "tp": "ad"}}, {"l": {"id": "Ad00430", "source": "103-GDL-1900-01-04-0001.pdf"}, "m": {"id": "GDL-1900-01-04-a-i0061", "l": "fr", "pp": [4], "tp": "ad"}}, {"l": {"id": "Ad00431", "source": "103-GDL-1900-01-04-0001.pdf"}, "m": {"id": "GDL-1900-01-04-a-i0062", "l": "fr", "pp": [4], "tp": "ad"}}, {"l": {"id": "Ad00432", "source": "103-GDL-1900-01-04-0001.pdf"}, "m": {"id": "GDL-1900-01-04-a-i0063", "l": "fr", "pp": [4], "tp": "ad"}}, {"l": {"id": "Ad00433", "source": "103-GDL-1900-01-04-0001.pdf"}, "m": {"id": "GDL-1900-01-04-a-i0064", "l": "fr", "pp": [4], "tp": "ad"}}, {"l": {"id": "Ad00434", "source": "103-GDL-1900-01-04-0001.pdf"}, "m": {"id": "GDL-1900-01-04-a-i0065", "l": "fr", "pp": [4], "tp": "ad"}}, {"l": {"id": "Ad00435", "source": "103-GDL-1900-01-04-0001.pdf"}, "m": {"id": "GDL-1900-01-04-a-i0066", "l": "fr", "pp": [4], "tp": "ad"}}, {"l": {"id": "Ar00436", "source": "103-GDL-1900-01-04-0001.pdf"}, "m": {"id": "GDL-1900-01-04-a-i0067", "l": "fr", "pp": [4], "tp": "article"}}, {"l": {"id": "Ad00437", "source": "103-GDL-1900-01-04-0001.pdf"}, "m": {"id": "GDL-1900-01-04-a-i0068", "l": "fr", "pp": [4], "tp": "ad"}}], "s": [{"rgb": [0, 0, 0], "f": "Times-Roman", "fs": 10.0, "id": 1}, {"rgb": [0, 0, 0], "f": "Helvetica-BoldOblique", "fs": 13.0, "id": 2}, {"rgb": [0, 0, 0], "f": "Times-BoldItalic", "fs": 7.0, "id": 3}, {"rgb": [0, 0, 0], "f": "Times-Bold", "fs": 14.0, "id": 4}, {"rgb": [0, 0, 0], "f": "Helvetica", "fs": 10.0, "id": 5}, {"rgb": [0, 0, 0], "f": "Helvetica-Bold", "fs": 10.0, "id": 6}, {"rgb": [0, 0, 0], "f": "Times-Bold", "fs": 117.99, "id": 7}, {"rgb": [0, 0, 0], "f": "Times-Roman", "fs": 12.0, "id": 8}, {"rgb": [0, 0, 0], "f": "Times-Bold", "fs": 12.0, "id": 9}, {"rgb": [0, 0, 0], "f": "Times-Italic", "fs": 12.0, "id": 10}, {"rgb": [0, 0, 0], "f": "Times-Bold", "fs": 36.0, "id": 11}, {"rgb": [0, 0, 0], "f": "Times-Bold", "fs": 10.0, "id": 12}, {"rgb": [0, 0, 0], "f": "Times-Bold", "fs": 9.0, "id": 13}, {"rgb": [0, 0, 0], "f": "Times-Roman", "fs": 9.0, "id": 14}, {"rgb": [0, 0, 0], "f": "Times-Italic", "fs": 10.0, "id": 15}, {"rgb": [0, 0, 0], "f": "Times-BoldItalic", "fs": 10.0, "id": 16}, {"rgb": [0, 0, 0], "f": "Times-Bold", "fs": 11.0, "id": 17}, {"rgb": [0, 0, 0], "f": "Times-Roman", "fs": 11.0, "id": 18}, {"rgb": [0, 0, 0], "f": "Times-Bold", "fs": 17.0, "id": 19}, {"rgb": [0, 0, 0], "f": "Times-Roman", "fs": 6.5, "id": 20}, {"rgb": [0, 0, 0], "f": "Times-Roman", "fs": 21.31, "id": 21}, {"rgb": [0, 0, 0], "f": "Times-Roman", "fs": 22.707, "id": 22}, {"rgb": [0, 0, 0], "f": "Times-Bold", "fs": 24.993, "id": 23}, {"rgb": [0, 0, 0], "f": "Times-Roman", "fs": 8.0, "id": 24}, {"rgb": [0, 0, 0], "f": "Times-Roman", "fs": 6.0, "id": 25}, {"rgb": [0, 0, 0], "f": "Times-Roman", "fs": 3.9, "id": 26}, {"rgb": [0, 0, 0], "f": "Times-Bold", "fs": 20.994, "id": 27}, {"rgb": [0, 0, 0], "f": "Times-Roman", "fs": 13.0, "id": 28}, {"rgb": [0, 0, 0], "f": "Helvetica-Oblique", "fs": 10.0, "id": 29}, {"rgb": [0, 0, 0], "f": "Times-BoldItalic", "fs": 14.0, "id": 30}, {"rgb": [0, 0, 0], "f": "Times-Roman", "fs": 7.8, "id": 31}, {"rgb": [0, 0, 0], "f": "Helvetica-Bold", "fs": 15.0, "id": 32}, {"rgb": [0, 0, 0], "f": "Helvetica-Bold", "fs": 24.0, "id": 33}, {"rgb": [0, 0, 0], "f": "Times-Roman", "fs": 21.126, "id": 34}, {"rgb": [0, 0, 0], "f": "Helvetica-Oblique", "fs": 13.0, "id": 35}, {"rgb": [0, 0, 0], "f": "Times-Roman", "fs": 16.449, "id": 36}, {"rgb": [0, 0, 0], "f": "Helvetica", "fs": 21.0, "id": 37}, {"rgb": [0, 0, 0], "f": "Times-Bold", "fs": 13.0, "id": 38}, {"rgb": [0, 0, 0], "f": "Helvetica-Bold", "fs": 6.999, "id": 39}, {"rgb": [0, 0, 0], "f": "Times-Bold", "fs": 19.0, "id": 40}, {"rgb": [0, 0, 0], "f": "Times-Italic", "fs": 6.5, "id": 41}, {"rgb": [0, 0, 0], "f": "Times-Bold", "fs": 15.0, "id": 42}, {"rgb": [0, 0, 0], "f": "Times-Bold", "fs": 8.0, "id": 43}, {"rgb": [0, 0, 0], "f": "Times-Roman", "fs": 23.145, "id": 44}, {"rgb": [0, 0, 0], "f": "Times-Bold", "fs": 24.0, "id": 45}, {"rgb": [0, 0, 0], "f": "Times-Roman", "fs": 23.057, "id": 46}, {"rgb": [0, 0, 0], "f": "Courier", "fs": 12.0, "id": 47}, {"rgb": [0, 0, 0], "f": "Courier-Bold", "fs": 8.0, "id": 48}, {"rgb": [0, 0, 0], "f": "Courier-Bold", "fs": 9.0, "id": 49}, {"rgb": [0, 0, 0], "f": "Times-Bold", "fs": 23.0, "id": 50}, {"rgb": [0, 0, 0], "f": "Helvetica-Bold", "fs": 32.0, "id": 51}, {"rgb": [0, 0, 0], "f": "Times-BoldItalic", "fs": 17.0, "id": 52}, {"rgb": [0, 0, 0], "f": "Helvetica-Bold", "fs": 21.0, "id": 53}, {"rgb": [0, 0, 0], "f": "Helvetica", "fs": 1.0, "id": 54}, {"rgb": [0, 0, 0], "f": "Helvetica", "fs": 0.65, "id": 55}, {"rgb": [0, 0, 0], "f": "Times-Bold", "fs": 31.0, "id": 56}, {"rgb": [0, 0, 0], "f": "Times-Bold", "fs": 49.0, "id": 57}, {"rgb": [0, 0, 0], "f": "Times-Roman", "fs": 46.0, "id": 58}, {"rgb": [0, 0, 0], "f": "Times-Italic", "fs": 9.0, "id": 59}, {"rgb": [0, 0, 0], "f": "Times-Italic", "fs": 20.0, "id": 60}, {"rgb": [0, 0, 0], "f": "Times-Roman", "fs": 20.0, "id": 61}, {"rgb": [0, 0, 0], "f": "Times-Bold", "fs": 16.0, "id": 62}, {"rgb": [0, 0, 0], "f": "Times-BoldItalic", "fs": 16.0, "id": 63}, {"rgb": [0, 0, 0], "f": "Times-Roman", "fs": 5.85, "id": 64}, {"rgb": [0, 0, 0], "f": "Helvetica-Bold", "fs": 20.0, "id": 65}, {"rgb": [0, 0, 0], "f": "Helvetica-BoldOblique", "fs": 20.0, "id": 66}, {"rgb": [0, 0, 0], "f": "Times-Roman", "fs": 14.0, "id": 67}, {"rgb": [0, 0, 0], "f": "Times-BoldItalic", "fs": 49.0, "id": 68}, {"rgb": [0, 0, 0], "f": "Helvetica", "fs": 11.0, "id": 69}, {"rgb": [0, 0, 0], "f": "Helvetica", "fs": 7.15, "id": 70}, {"rgb": [0, 0, 0], "f": "Helvetica-Bold", "fs": 8.0, "id": 71}, {"rgb": [0, 0, 0], "f": "Times-Roman", "fs": 8.1, "id": 72}, {"rgb": [0, 0, 0], "f": "Times-Roman", "fs": 7.1, "id": 73}, {"rgb": [0, 0, 0], "f": "Helvetica-Bold", "fs": 7.1, "id": 74}, {"rgb": [0, 0, 0], "f": "Helvetica-Bold", "fs": 17.0, "id": 75}, {"rgb": [0, 0, 0], "f": "Times-Bold", "fs": 20.0, "id": 76}, {"rgb": [0, 0, 0], "f": "Times-Bold", "fs": 27.0, "id": 77}, {"rgb": [0, 0, 0], "f": "Helvetica", "fs": 15.0, "id": 78}, {"rgb": [0, 0, 0], "f": "Times-Bold", "fs": 14.95, "id": 79}, {"rgb": [0, 0, 0], "f": "Times-Bold", "fs": 22.0, "id": 80}, {"rgb": [0, 0, 0], "f": "Times-Roman", "fs": 22.0, "id": 81}, {"rgb": [0, 0, 0], "f": "Times-Bold", "fs": 35.0, "id": 82}, {"rgb": [0, 0, 0], "f": "Helvetica-Bold", "fs": 23.0, "id": 83}, {"rgb": [0, 0, 0], "f": "Courier", "fs": 10.0, "id": 84}, {"rgb": [0, 0, 0], "f": "Times-Bold", "fs": 7.1, "id": 85}, {"rgb": [0, 0, 0], "f": "Times-Italic", "fs": 11.0, "id": 86}, {"rgb": [0, 0, 0], "f": "Helvetica-Oblique", "fs": 11.0, "id": 87}], "pp": ["GDL-1900-01-04-a-p0001", "GDL-1900-01-04-a-p0002", "GDL-1900-01-04-a-p0003", "GDL-1900-01-04-a-p0004"]}