{"id": "GDL-1900-01-02-a", "cdt": "2018-12-27 12:00:28", "i": [{"l": {"id": "Ar00100", "source": "103-GDL-1900-01-02-0001.pdf"}, "m": {"id": "GDL-1900-01-02-a-i0001", "l": "fr", "pp": [1], "t": "Lausanne,2janvier1900. Regards en arri\u00e8re", "tp": "article"}}, {"l": {"id": "Ar00300", "source": "103-GDL-1900-01-02-0001.pdf"}, "m": {"id": "GDL-1900-01-02-a-i0022", "l": "fr", "pp": [3], "t": "NOUVELLES DES GANTONS!", "tp": "article"}}, {"l": {"id": "Ad00400", "source": "103-GDL-1900-01-02-0001.pdf"}, "m": {"id": "GDL-1900-01-02-a-i0034", "l": "fr", "pp": [4], "tp": "ad"}}, {"l": {"id": "Ar00101", "source": "103-GDL-1900-01-02-0001.pdf"}, "m": {"id": "GDL-1900-01-02-a-i0002", "l": "fr", "pp": [1], "t": "LES JUSTES", "tp": "article"}}, {"l": {"id": "Ar00201", "source": "103-GDL-1900-01-02-0001.pdf"}, "m": {"id": "GDL-1900-01-02-a-i0011", "l": "fr", "pp": [2], "tp": "article"}}, {"l": {"id": "Ar00301", "source": "103-GDL-1900-01-02-0001.pdf"}, "m": {"id": "GDL-1900-01-02-a-i0023", "l": "fr", "pp": [3], "t": "CANTON DE VAUD", "tp": "article"}}, {"l": {"id": "Ad00401", "source": "103-GDL-1900-01-02-0001.pdf"}, "m": {"id": "GDL-1900-01-02-a-i0035", "l": "fr", "pp": [4], "tp": "ad"}}, {"l": {"id": "Ar00102", "source": "103-GDL-1900-01-02-0001.pdf"}, "m": {"id": "GDL-1900-01-02-a-i0003", "l": "fr", "pp": [1], "t": "A propos du colonel Lecomte.", "tp": "article"}}, {"l": {"id": "Ar00202", "source": "103-GDL-1900-01-02-0001.pdf"}, "m": {"id": "GDL-1900-01-02-a-i0012", "l": "fr", "pp": [2], "t": "A la Haute Cour.", "tp": "article"}}, {"l": {"id": "Ar00302", "source": "103-GDL-1900-01-02-0001.pdf"}, "m": {"id": "GDL-1900-01-02-a-i0024", "l": "fr", "pp": [3], "t": "LAUSANNE", "tp": "article"}}, {"l": {"id": "Ad00402", "source": "103-GDL-1900-01-02-0001.pdf"}, "m": {"id": "GDL-1900-01-02-a-i0036", "l": "fr", "pp": [4], "tp": "ad"}}, {"l": {"id": ["Ar00103", "Ar00200"], "source": ["103-GDL-1900-01-02-0001.pdf", "103-GDL-1900-01-02-0001.pdf"]}, "m": {"id": "GDL-1900-01-02-a-i0004", "l": "fr", "pp": [1, 2], "t": "LETTRE DE PARIS", "tp": "article"}}, {"l": {"id": "Ar00203", "source": "103-GDL-1900-01-02-0001.pdf"}, "m": {"id": "GDL-1900-01-02-a-i0013", "l": "fr", "pp": [2], "t": "Une lettre de Mahmoud Pacha", "tp": "article"}}, {"l": {"id": "Ar00303", "source": "103-GDL-1900-01-02-0001.pdf"}, "m": {"id": "GDL-1900-01-02-a-i0025", "l": "fr", "pp": [3], "tp": "article"}}, {"l": {"id": "Ad00403", "source": "103-GDL-1900-01-02-0001.pdf"}, "m": {"id": "GDL-1900-01-02-a-i0037", "l": "fr", "pp": [4], "tp": "ad"}}, {"l": {"id": "Ar00104", "source": "103-GDL-1900-01-02-0001.pdf"}, "m": {"id": "GDL-1900-01-02-a-i0005", "l": "fr", "pp": [1], "tp": "article"}}, {"l": {"id": "Ar00204", "source": "103-GDL-1900-01-02-0001.pdf"}, "m": {"id": "GDL-1900-01-02-a-i0014", "l": "fr", "pp": [2], "t": "cgifl pioc\u00e8s dramatique.", "tp": "article"}}, {"l": {"id": "Ar00304", "source": "103-GDL-1900-01-02-0001.pdf"}, "m": {"id": "GDL-1900-01-02-a-i0026", "l": "fr", "pp": [3], "t": "DERNIER COURRIER", "tp": "article"}}, {"l": {"id": "Ad00404", "source": "103-GDL-1900-01-02-0001.pdf"}, "m": {"id": "GDL-1900-01-02-a-i0038", "l": "fr", "pp": [4], "tp": "ad"}}, {"l": {"id": "Ar00105", "source": "103-GDL-1900-01-02-0001.pdf"}, "m": {"id": "GDL-1900-01-02-a-i0006", "l": "fr", "pp": [1], "tp": "article"}}, {"l": {"id": "Ar00205", "source": "103-GDL-1900-01-02-0001.pdf"}, "m": {"id": "GDL-1900-01-02-a-i0015", "l": "fr", "pp": [2], "t": "CONF\u00c9D\u00c9RATION SUISSE", "tp": "article"}}, {"l": {"id": "Ar00305", "source": "103-GDL-1900-01-02-0001.pdf"}, "m": {"id": "GDL-1900-01-02-a-i0027", "l": "fr", "pp": [3], "tp": "article"}}, {"l": {"id": "Ad00405", "source": "103-GDL-1900-01-02-0001.pdf"}, "m": {"id": "GDL-1900-01-02-a-i0039", "l": "fr", "pp": [4], "tp": "ad"}}, {"l": {"id": "Ar00106", "source": "103-GDL-1900-01-02-0001.pdf"}, "m": {"id": "GDL-1900-01-02-a-i0007", "l": "fr", "pp": [1], "tp": "article"}}, {"l": {"id": "Ar00206", "source": "103-GDL-1900-01-02-0001.pdf"}, "m": {"id": "GDL-1900-01-02-a-i0016", "l": "fr", "pp": [2], "t": "Les conventions de La Haye.", "tp": "article"}}, {"l": {"id": "Ar00306", "source": "103-GDL-1900-01-02-0001.pdf"}, "m": {"id": "GDL-1900-01-02-a-i0028", "l": "fr", "pp": [3], "t": "Derni\u00e8res d\u00e9p\u00eaches", "tp": "article"}}, {"l": {"id": "Ad00406", "source": "103-GDL-1900-01-02-0001.pdf"}, "m": {"id": "GDL-1900-01-02-a-i0040", "l": "fr", "pp": [4], "tp": "ad"}}, {"l": {"id": "Ar00107", "source": "103-GDL-1900-01-02-0001.pdf"}, "m": {"id": "GDL-1900-01-02-a-i0008", "l": "fr", "pp": [1], "tp": "article"}}, {"l": {"id": "Ar00207", "source": "103-GDL-1900-01-02-0001.pdf"}, "m": {"id": "GDL-1900-01-02-a-i0017", "l": "fr", "pp": [2], "t": "Etrennes politiques.", "tp": "article"}}, {"l": {"id": "Ar00307", "source": "103-GDL-1900-01-02-0001.pdf"}, "m": {"id": "GDL-1900-01-02-a-i0029", "l": "fr", "pp": [3], "tp": "article"}}, {"l": {"id": "Ad00407", "source": "103-GDL-1900-01-02-0001.pdf"}, "m": {"id": "GDL-1900-01-02-a-i0041", "l": "fr", "pp": [4], "tp": "ad"}}, {"l": {"id": "Ar00108", "source": "103-GDL-1900-01-02-0001.pdf"}, "m": {"id": "GDL-1900-01-02-a-i0009", "l": "fr", "pp": [1], "tp": "article"}}, {"l": {"id": "Ar00208", "source": "103-GDL-1900-01-02-0001.pdf"}, "m": {"id": "GDL-1900-01-02-a-i0018", "l": "fr", "pp": [2], "t": "&lt;Le pass\u00e9 de M. Jules f\u00eau\u00e9iin.", "tp": "article"}}, {"l": {"id": "Ar00308", "source": "103-GDL-1900-01-02-0001.pdf"}, "m": {"id": "GDL-1900-01-02-a-i0030", "l": "fr", "pp": [3], "tp": "article"}}, {"l": {"id": "Ad00408", "source": "103-GDL-1900-01-02-0001.pdf"}, "m": {"id": "GDL-1900-01-02-a-i0042", "l": "fr", "pp": [4], "tp": "ad"}}, {"l": {"id": "Ar00209", "source": "103-GDL-1900-01-02-0001.pdf"}, "m": {"id": "GDL-1900-01-02-a-i0019", "l": "fr", "pp": [2], "t": "Finances espagnoles.", "tp": "article"}}, {"l": {"id": "Ar00309", "source": "103-GDL-1900-01-02-0001.pdf"}, "m": {"id": "GDL-1900-01-02-a-i0031", "l": "fr", "pp": [3], "tp": "article"}}, {"l": {"id": "Ad00409", "source": "103-GDL-1900-01-02-0001.pdf"}, "m": {"id": "GDL-1900-01-02-a-i0043", "l": "fr", "pp": [4], "tp": "ad"}}, {"l": {"id": "Ar00210", "source": "103-GDL-1900-01-02-0001.pdf"}, "m": {"id": "GDL-1900-01-02-a-i0020", "l": "fr", "pp": [2], "t": "Lettre de Russie", "tp": "article"}}, {"l": {"id": "Ad00310", "source": "103-GDL-1900-01-02-0001.pdf"}, "m": {"id": "GDL-1900-01-02-a-i0032", "l": "fr", "pp": [3], "tp": "ad"}}, {"l": {"id": "Ad00410", "source": "103-GDL-1900-01-02-0001.pdf"}, "m": {"id": "GDL-1900-01-02-a-i0044", "l": "fr", "pp": [4], "tp": "ad"}}, {"l": {"id": "Ar00211", "source": "103-GDL-1900-01-02-0001.pdf"}, "m": {"id": "GDL-1900-01-02-a-i0021", "l": "fr", "pp": [2], "t": "France.", "tp": "article"}}, {"l": {"id": "Ad00311", "source": "103-GDL-1900-01-02-0001.pdf"}, "m": {"id": "GDL-1900-01-02-a-i0033", "l": "fr", "pp": [3], "tp": "ad"}}, {"l": {"id": "Ad00411", "source": "103-GDL-1900-01-02-0001.pdf"}, "m": {"id": "GDL-1900-01-02-a-i0045", "l": "fr", "pp": [4], "tp": "ad"}}, {"l": {"id": "Ad00412", "source": "103-GDL-1900-01-02-0001.pdf"}, "m": {"id": "GDL-1900-01-02-a-i0046", "l": "fr", "pp": [4], "tp": "ad"}}, {"l": {"id": "Ad00413", "source": "103-GDL-1900-01-02-0001.pdf"}, "m": {"id": "GDL-1900-01-02-a-i0047", "l": "fr", "pp": [4], "tp": "ad"}}, {"l": {"id": "Ad00414", "source": "103-GDL-1900-01-02-0001.pdf"}, "m": {"id": "GDL-1900-01-02-a-i0048", "l": "fr", "pp": [4], "tp": "ad"}}, {"l": {"id": "Ad00415", "source": "103-GDL-1900-01-02-0001.pdf"}, "m": {"id": "GDL-1900-01-02-a-i0049", "l": "fr", "pp": [4], "tp": "ad"}}, {"l": {"id": "Ad00416", "source": "103-GDL-1900-01-02-0001.pdf"}, "m": {"id": "GDL-1900-01-02-a-i0050", "l": "fr", "pp": [4], "tp": "ad"}}, {"l": {"id": "Ad00417", "source": "103-GDL-1900-01-02-0001.pdf"}, "m": {"id": "GDL-1900-01-02-a-i0051", "l": "fr", "pp": [4], "tp": "ad"}}, {"l": {"id": "Ad00418", "source": "103-GDL-1900-01-02-0001.pdf"}, "m": {"id": "GDL-1900-01-02-a-i0052", "l": "fr", "pp": [4], "tp": "ad"}}, {"l": {"id": "Ad00419", "source": "103-GDL-1900-01-02-0001.pdf"}, "m": {"id": "GDL-1900-01-02-a-i0053", "l": "fr", "pp": [4], "tp": "ad"}}, {"l": {"id": "Ad00420", "source": "103-GDL-1900-01-02-0001.pdf"}, "m": {"id": "GDL-1900-01-02-a-i0054", "l": "fr", "pp": [4], "tp": "ad"}}, {"l": {"id": "Ad00421", "source": "103-GDL-1900-01-02-0001.pdf"}, "m": {"id": "GDL-1900-01-02-a-i0055", "l": "fr", "pp": [4], "tp": "ad"}}, {"l": {"id": "Ad00422", "source": "103-GDL-1900-01-02-0001.pdf"}, "m": {"id": "GDL-1900-01-02-a-i0056", "l": "fr", "pp": [4], "tp": "ad"}}, {"l": {"id": "Ad00423", "source": "103-GDL-1900-01-02-0001.pdf"}, "m": {"id": "GDL-1900-01-02-a-i0057", "l": "fr", "pp": [4], "tp": "ad"}}, {"l": {"id": "Ad00424", "source": "103-GDL-1900-01-02-0001.pdf"}, "m": {"id": "GDL-1900-01-02-a-i0058", "l": "fr", "pp": [4], "tp": "ad"}}, {"l": {"id": "Ad00425", "source": "103-GDL-1900-01-02-0001.pdf"}, "m": {"id": "GDL-1900-01-02-a-i0059", "l": "fr", "pp": [4], "tp": "ad"}}, {"l": {"id": "Ad00426", "source": "103-GDL-1900-01-02-0001.pdf"}, "m": {"id": "GDL-1900-01-02-a-i0060", "l": "fr", "pp": [4], "tp": "ad"}}, {"l": {"id": "Ad00427", "source": "103-GDL-1900-01-02-0001.pdf"}, "m": {"id": "GDL-1900-01-02-a-i0061", "l": "fr", "pp": [4], "tp": "ad"}}, {"l": {"id": "Ad00428", "source": "103-GDL-1900-01-02-0001.pdf"}, "m": {"id": "GDL-1900-01-02-a-i0062", "l": "fr", "pp": [4], "tp": "ad"}}, {"l": {"id": "Ad00429", "source": "103-GDL-1900-01-02-0001.pdf"}, "m": {"id": "GDL-1900-01-02-a-i0063", "l": "fr", "pp": [4], "tp": "ad"}}, {"l": {"id": "Ad00430", "source": "103-GDL-1900-01-02-0001.pdf"}, "m": {"id": "GDL-1900-01-02-a-i0064", "l": "fr", "pp": [4], "tp": "ad"}}, {"l": {"id": "Ad00431", "source": "103-GDL-1900-01-02-0001.pdf"}, "m": {"id": "GDL-1900-01-02-a-i0065", "l": "fr", "pp": [4], "tp": "ad"}}, {"l": {"id": "Ad00432", "source": "103-GDL-1900-01-02-0001.pdf"}, "m": {"id": "GDL-1900-01-02-a-i0066", "l": "fr", "pp": [4], "tp": "ad"}}, {"l": {"id": "Ad00433", "source": "103-GDL-1900-01-02-0001.pdf"}, "m": {"id": "GDL-1900-01-02-a-i0067", "l": "fr", "pp": [4], "tp": "ad"}}, {"l": {"id": "Ad00434", "source": "103-GDL-1900-01-02-0001.pdf"}, "m": {"id": "GDL-1900-01-02-a-i0068", "l": "fr", "pp": [4], "tp": "ad"}}, {"l": {"id": "Ad00435", "source": "103-GDL-1900-01-02-0001.pdf"}, "m": {"id": "GDL-1900-01-02-a-i0069", "l": "fr", "pp": [4], "tp": "ad"}}, {"l": {"id": "Ad00436", "source": "103-GDL-1900-01-02-0001.pdf"}, "m": {"id": "GDL-1900-01-02-a-i0070", "l": "fr", "pp": [4], "tp": "ad"}}, {"l": {"id": "Ad00437", "source": "103-GDL-1900-01-02-0001.pdf"}, "m": {"id": "GDL-1900-01-02-a-i0071", "l": "fr", "pp": [4], "tp": "ad"}}, {"l": {"id": "Ad00438", "source": "103-GDL-1900-01-02-0001.pdf"}, "m": {"id": "GDL-1900-01-02-a-i0072", "l": "fr", "pp": [4], "tp": "ad"}}, {"l": {"id": "Ar00439", "source": "103-GDL-1900-01-02-0001.pdf"}, "m": {"id": "GDL-1900-01-02-a-i0073", "l": "fr", "pp": [4], "tp": "article"}}, {"l": {"id": "Ad00440", "source": "103-GDL-1900-01-02-0001.pdf"}, "m": {"id": "GDL-1900-01-02-a-i0074", "l": "fr", "pp": [4], "tp": "ad"}}, {"l": {"id": "Ad00441", "source": "103-GDL-1900-01-02-0001.pdf"}, "m": {"id": "GDL-1900-01-02-a-i0075", "l": "fr", "pp": [4], "tp": "ad"}}, {"l": {"id": "Ar00442", "source": "103-GDL-1900-01-02-0001.pdf"}, "m": {"id": "GDL-1900-01-02-a-i0076", "l": "fr", "pp": [4], "tp": "article"}}, {"l": {"id": "Ad00443", "source": "103-GDL-1900-01-02-0001.pdf"}, "m": {"id": "GDL-1900-01-02-a-i0077", "l": "fr", "pp": [4], "tp": "ad"}}, {"l": {"id": "Ar00444", "source": "103-GDL-1900-01-02-0001.pdf"}, "m": {"id": "GDL-1900-01-02-a-i0078", "l": "fr", "pp": [4], "tp": "article"}}, {"l": {"id": "Ar00445", "source": "103-GDL-1900-01-02-0001.pdf"}, "m": {"id": "GDL-1900-01-02-a-i0079", "l": "fr", "pp": [4], "tp": "article"}}, {"l": {"id": "Ad00446", "source": "103-GDL-1900-01-02-0001.pdf"}, "m": {"id": "GDL-1900-01-02-a-i0080", "l": "fr", "pp": [4], "tp": "ad"}}, {"l": {"id": "Ad00447", "source": "103-GDL-1900-01-02-0001.pdf"}, "m": {"id": "GDL-1900-01-02-a-i0081", "l": "fr", "pp": [4], "tp": "ad"}}, {"l": {"id": "Ad00448", "source": "103-GDL-1900-01-02-0001.pdf"}, "m": {"id": "GDL-1900-01-02-a-i0082", "l": "fr", "pp": [4], "tp": "ad"}}], "s": [{"rgb": [0, 0, 0], "f": "Times-Roman", "fs": 10.0, "id": 1}, {"rgb": [0, 0, 0], "f": "Helvetica-BoldOblique", "fs": 13.0, "id": 2}, {"rgb": [0, 0, 0], "f": "Times-Bold", "fs": 15.0, "id": 3}, {"rgb": [0, 0, 0], "f": "Times-Bold", "fs": 11.0, "id": 4}, {"rgb": [0, 0, 0], "f": "Helvetica-Bold", "fs": 11.0, "id": 5}, {"rgb": [0, 0, 0], "f": "Helvetica-Bold", "fs": 7.0, "id": 6}, {"rgb": [0, 0, 0], "f": "Times-Italic", "fs": 10.0, "id": 7}, {"rgb": [0, 0, 0], "f": "Times-Bold", "fs": 121.99, "id": 8}, {"rgb": [0, 0, 0], "f": "Times-Bold", "fs": 121.964, "id": 9}, {"rgb": [0, 0, 0], "f": "Times-Bold", "fs": 122.009, "id": 10}, {"rgb": [0, 0, 0], "f": "Times-Bold", "fs": 36.0, "id": 11}, {"rgb": [0, 0, 0], "f": "Times-Roman", "fs": 6.5, "id": 12}, {"rgb": [0, 0, 0], "f": "Times-Roman", "fs": 7.0, "id": 13}, {"rgb": [0, 0, 0], "f": "Courier-Bold", "fs": 14.0, "id": 14}, {"rgb": [0, 0, 0], "f": "Helvetica-Bold", "fs": 17.0, "id": 15}, {"rgb": [0, 0, 0], "f": "Helvetica-Bold", "fs": 23.0, "id": 16}, {"rgb": [0, 0, 0], "f": "Times-Bold", "fs": 7.0, "id": 17}, {"rgb": [0, 0, 0], "f": "Times-Roman", "fs": 21.126, "id": 18}, {"rgb": [0, 0, 0], "f": "Helvetica-Bold", "fs": 10.0, "id": 19}, {"rgb": [0, 0, 0], "f": "Times-Bold", "fs": 4.001, "id": 20}, {"rgb": [0, 0, 0], "f": "Times-BoldItalic", "fs": 3.997, "id": 21}, {"rgb": [0, 0, 0], "f": "Times-Bold", "fs": 17.0, "id": 22}, {"rgb": [0, 0, 0], "f": "Times-Bold", "fs": 5.999, "id": 23}, {"rgb": [0, 0, 0], "f": "Helvetica-Bold", "fs": 15.0, "id": 24}, {"rgb": [0, 0, 0], "f": "Helvetica-Oblique", "fs": 3.001, "id": 25}, {"rgb": [0, 0, 0], "f": "Helvetica-Bold", "fs": 4.55, "id": 26}, {"rgb": [0, 0, 0], "f": "Times-Bold", "fs": 16.0, "id": 27}, {"rgb": [0, 0, 0], "f": "Times-Roman", "fs": 23.057, "id": 28}, {"rgb": [0, 0, 0], "f": "Times-Roman", "fs": 11.0, "id": 29}, {"rgb": [0, 0, 0], "f": "Times-Italic", "fs": 11.0, "id": 30}, {"rgb": [0, 0, 0], "f": "Helvetica-Oblique", "fs": 11.0, "id": 31}, {"rgb": [0, 0, 0], "f": "Times-Roman", "fs": 8.0, "id": 32}, {"rgb": [0, 0, 0], "f": "Times-Roman", "fs": 21.31, "id": 33}, {"rgb": [0, 0, 0], "f": "Times-Bold", "fs": 23.0, "id": 34}, {"rgb": [0, 0, 0], "f": "Helvetica", "fs": 2.0, "id": 35}, {"rgb": [0, 0, 0], "f": "Times-BoldItalic", "fs": 6.0, "id": 36}, {"rgb": [0, 0, 0], "f": "Helvetica-BoldOblique", "fs": 10.0, "id": 37}, {"rgb": [0, 0, 0], "f": "Times-Bold", "fs": 13.0, "id": 38}, {"rgb": [0, 0, 0], "f": "Times-Bold", "fs": 19.0, "id": 39}, {"rgb": [0, 0, 0], "f": "Times-Italic", "fs": 8.0, "id": 40}, {"rgb": [0, 0, 0], "f": "Times-Roman", "fs": 21.0, "id": 41}, {"rgb": [0, 0, 0], "f": "Times-Bold", "fs": 10.0, "id": 42}, {"rgb": [0, 0, 0], "f": "Times-Bold", "fs": 13.996, "id": 43}, {"rgb": [0, 0, 0], "f": "Times-Roman", "fs": 9.0, "id": 44}, {"rgb": [0, 0, 0], "f": "Times-Bold", "fs": 11.996, "id": 45}, {"rgb": [0, 0, 0], "f": "Times-Italic", "fs": 9.0, "id": 46}, {"rgb": [0, 0, 0], "f": "Times-BoldItalic", "fs": 17.0, "id": 47}, {"rgb": [0, 0, 0], "f": "Times-Roman", "fs": 25.0, "id": 48}, {"rgb": [0, 0, 0], "f": "Helvetica", "fs": 11.0, "id": 49}, {"rgb": [0, 0, 0], "f": "Times-Roman", "fs": 22.0, "id": 50}, {"rgb": [0, 0, 0], "f": "Times-Roman", "fs": 5.85, "id": 51}, {"rgb": [0, 0, 0], "f": "Times-Roman", "fs": 15.0, "id": 52}, {"rgb": [0, 0, 0], "f": "Times-Bold", "fs": 9.0, "id": 53}, {"rgb": [0, 0, 0], "f": "Times-BoldItalic", "fs": 15.0, "id": 54}, {"rgb": [0, 0, 0], "f": "Times-Roman", "fs": 29.0, "id": 55}, {"rgb": [0, 0, 0], "f": "Times-Roman", "fs": 7.4, "id": 56}, {"rgb": [0, 0, 0], "f": "Times-Bold", "fs": 31.0, "id": 57}, {"rgb": [0, 0, 0], "f": "Helvetica", "fs": 14.0, "id": 58}, {"rgb": [0, 0, 0], "f": "Helvetica-Bold", "fs": 13.0, "id": 59}, {"rgb": [0, 0, 0], "f": "Helvetica", "fs": 22.0, "id": 60}, {"rgb": [0, 0, 0], "f": "Helvetica-Bold", "fs": 30.008, "id": 61}, {"rgb": [0, 0, 0], "f": "Helvetica-Oblique", "fs": 14.0, "id": 62}, {"rgb": [0, 0, 0], "f": "Helvetica", "fs": 10.0, "id": 63}, {"rgb": [0, 0, 0], "f": "Times-Bold", "fs": 25.0, "id": 64}, {"rgb": [0, 0, 0], "f": "Helvetica", "fs": 20.0, "id": 65}, {"rgb": [0, 0, 0], "f": "Times-Italic", "fs": 44.0, "id": 66}, {"rgb": [0, 0, 0], "f": "Helvetica-Bold", "fs": 7.4, "id": 67}, {"rgb": [0, 0, 0], "f": "Helvetica-Bold", "fs": 4.81, "id": 68}, {"rgb": [0, 0, 0], "f": "Times-Italic", "fs": 25.0, "id": 69}, {"rgb": [0, 0, 0], "f": "Helvetica-BoldOblique", "fs": 9.0, "id": 70}, {"rgb": [0, 0, 0], "f": "Helvetica-Bold", "fs": 6.0, "id": 71}, {"rgb": [0, 0, 0], "f": "Helvetica-Oblique", "fs": 13.0, "id": 72}, {"rgb": [0, 0, 0], "f": "Times-Roman", "fs": 6.0, "id": 73}, {"rgb": [0, 0, 0], "f": "Times-Roman", "fs": 14.3, "id": 74}, {"rgb": [0, 0, 0], "f": "Helvetica-Oblique", "fs": 7.15, "id": 75}, {"rgb": [0, 0, 0], "f": "Helvetica-Bold", "fs": 9.0, "id": 76}, {"rgb": [0, 0, 0], "f": "Helvetica-Bold", "fs": 22.0, "id": 77}, {"rgb": [0, 0, 0], "f": "Times-Bold", "fs": 44.0, "id": 78}, {"rgb": [0, 0, 0], "f": "Helvetica-Bold", "fs": 38.0, "id": 79}, {"rgb": [0, 0, 0], "f": "Times-BoldItalic", "fs": 16.0, "id": 80}, {"rgb": [0, 0, 0], "f": "Times-Italic", "fs": 22.0, "id": 81}, {"rgb": [0, 0, 0], "f": "Times-Italic", "fs": 17.0, "id": 82}, {"rgb": [0, 0, 0], "f": "Times-BoldItalic", "fs": 29.0, "id": 83}, {"rgb": [0, 0, 0], "f": "Helvetica-Bold", "fs": 16.0, "id": 84}, {"rgb": [0, 0, 0], "f": "Times-Roman", "fs": 17.316, "id": 85}, {"rgb": [0, 0, 0], "f": "Helvetica-Bold", "fs": 29.0, "id": 86}, {"rgb": [0, 0, 0], "f": "Times-Bold", "fs": 22.0, "id": 87}, {"rgb": [0, 0, 0], "f": "Times-Bold", "fs": 38.0, "id": 88}, {"rgb": [0, 0, 0], "f": "Courier", "fs": 10.0, "id": 89}, {"rgb": [0, 0, 0], "f": "Courier", "fs": 7.4, "id": 90}, {"rgb": [0, 0, 0], "f": "Times-BoldItalic", "fs": 9.0, "id": 91}, {"rgb": [0, 0, 0], "f": "Times-BoldItalic", "fs": 10.0, "id": 92}, {"rgb": [0, 0, 0], "f": "Times-Bold", "fs": 7.4, "id": 93}, {"rgb": [0, 0, 0], "f": "Times-BoldItalic", "fs": 18.986, "id": 94}, {"rgb": [0, 0, 0], "f": "Times-Italic", "fs": 7.4, "id": 95}], "pp": ["GDL-1900-01-02-a-p0001", "GDL-1900-01-02-a-p0002", "GDL-1900-01-02-a-p0003", "GDL-1900-01-02-a-p0004"]}